Archive member included because of file (symbol)

c:/software/electronica/arm/eclipsearm/sourcery-g++-lite-arm-2011.03/bin/../lib/gcc/arm-none-eabi/4.5.2\libgcc.a(_divsi3.o)
                              ./commonEclipse/44blib.o (__aeabi_idiv)
c:/software/electronica/arm/eclipsearm/sourcery-g++-lite-arm-2011.03/bin/../lib/gcc/arm-none-eabi/4.5.2\libgcc.a(_dvmd_tls.o)
                              c:/software/electronica/arm/eclipsearm/sourcery-g++-lite-arm-2011.03/bin/../lib/gcc/arm-none-eabi/4.5.2\libgcc.a(_divsi3.o) (__aeabi_idiv0)

Allocating common symbols
Common symbol       size              file

led_state           0x4               ./src/led.o
fileSize            0x4               ./commonEclipse/44blib.o
downPt              0x4               ./commonEclipse/44blib.o

Memory Configuration

Name             Origin             Length             Attributes
*default*        0x00000000         0xffffffff

Linker script and memory map

LOAD ./src/button.o
LOAD ./src/init.o
LOAD ./src/led.o
LOAD ./src/main.o
LOAD ./commonEclipse/44binit.o
LOAD ./commonEclipse/44blib.o
START GROUP
LOAD c:/software/electronica/arm/eclipsearm/sourcery-g++-lite-arm-2011.03/bin/../lib/gcc/arm-none-eabi/4.5.2\libgcc.a
LOAD c:/software/electronica/arm/eclipsearm/sourcery-g++-lite-arm-2011.03/bin/../lib/gcc/arm-none-eabi/4.5.2/../../../../arm-none-eabi/lib\libc.a
END GROUP
                0x0c000000                . = 0xc000000
                0x0c000000                Image_RO_Base = .

.text           0x0c000000     0x10c4
 *(.text)
 .text          0x0c000000      0x118 ./src/button.o
                0x0c000000                Eint4567_init
                0x0c0000c8                Eint4567_ISR
 .text          0x0c000118       0x1c ./src/init.o
                0x0c000118                start
 .text          0x0c000134      0x230 ./src/led.o
                0x0c000134                leds_on
                0x0c000154                leds_off
                0x0c000174                led1_on
                0x0c0001b4                led1_off
                0x0c0001f4                led2_on
                0x0c000234                led2_off
                0x0c000274                leds_switch
                0x0c0002b4                Led_Display
 .text          0x0c000364       0xac ./src/main.o
                0x0c000364                Main
                0x0c000384                button_init
                0x0c0003c4                button_no_pressed
 .text          0x0c000410      0x70c ./commonEclipse/44binit.o
 .text          0x0c000b1c      0x45c ./commonEclipse/44blib.o
                0x0c000b1c                Delay
                0x0c000c54                DelayMs
                0x0c000cb8                Port_Init
                0x0c000e48                malloc
                0x0c000ee8                free
                0x0c000f18                sys_init
 .text          0x0c000f78      0x148 c:/software/electronica/arm/eclipsearm/sourcery-g++-lite-arm-2011.03/bin/../lib/gcc/arm-none-eabi/4.5.2\libgcc.a(_divsi3.o)
                0x0c000f78                __divsi3
                0x0c000f78                __aeabi_idiv
                0x0c0010a0                __aeabi_idivmod
 .text          0x0c0010c0        0x4 c:/software/electronica/arm/eclipsearm/sourcery-g++-lite-arm-2011.03/bin/../lib/gcc/arm-none-eabi/4.5.2\libgcc.a(_dvmd_tls.o)
                0x0c0010c0                __aeabi_idiv0
                0x0c0010c0                __aeabi_ldiv0
                0x0c0010c4                Image_RO_Limit = .
                0x0c0010c4                Image_RW_Base = .

.glue_7         0x0c0010c4        0x0
 .glue_7        0x00000000        0x0 linker stubs

.glue_7t        0x0c0010c4        0x0
 .glue_7t       0x00000000        0x0 linker stubs

.vfp11_veneer   0x0c0010c4        0x0
 .vfp11_veneer  0x00000000        0x0 linker stubs

.v4_bx          0x0c0010c4        0x0
 .v4_bx         0x00000000        0x0 linker stubs

.data           0x0c0010c4       0x14
 *(.data)
 .data          0x0c0010c4        0x0 ./src/button.o
 .data          0x0c0010c4        0x0 ./src/init.o
 .data          0x0c0010c4        0x0 ./src/led.o
 .data          0x0c0010c4        0x0 ./src/main.o
 .data          0x0c0010c4        0x6 ./commonEclipse/44binit.o
                0x0c0010c4                BDRAMTYPE
 *fill*         0x0c0010ca        0x2 00
 .data          0x0c0010cc        0xc ./commonEclipse/44blib.o
                0x0c0010cc                mallocPt
                0x0c0010d0                run
 .data          0x0c0010d8        0x0 c:/software/electronica/arm/eclipsearm/sourcery-g++-lite-arm-2011.03/bin/../lib/gcc/arm-none-eabi/4.5.2\libgcc.a(_divsi3.o)
 .data          0x0c0010d8        0x0 c:/software/electronica/arm/eclipsearm/sourcery-g++-lite-arm-2011.03/bin/../lib/gcc/arm-none-eabi/4.5.2\libgcc.a(_dvmd_tls.o)

.rodata
 *(.rodata)
                0x0c0010d8                Image_RW_Limit = .
                0x0c0010d8                Image_ZI_Base = .

.bss            0x0c0010d8       0x14
 *(.bss)
 .bss           0x0c0010d8        0x4 ./src/button.o
                0x0c0010d8                symbol
 .bss           0x0c0010dc        0x0 ./src/init.o
 .bss           0x0c0010dc        0x0 ./src/led.o
 .bss           0x0c0010dc        0x0 ./src/main.o
 .bss           0x0c0010dc        0x0 ./commonEclipse/44binit.o
 .bss           0x0c0010dc        0x4 ./commonEclipse/44blib.o
                0x0c0010dc                restart
 .bss           0x0c0010e0        0x0 c:/software/electronica/arm/eclipsearm/sourcery-g++-lite-arm-2011.03/bin/../lib/gcc/arm-none-eabi/4.5.2\libgcc.a(_divsi3.o)
 .bss           0x0c0010e0        0x0 c:/software/electronica/arm/eclipsearm/sourcery-g++-lite-arm-2011.03/bin/../lib/gcc/arm-none-eabi/4.5.2\libgcc.a(_dvmd_tls.o)
 COMMON         0x0c0010e0        0x4 ./src/led.o
                0x0c0010e0                led_state
 COMMON         0x0c0010e4        0x8 ./commonEclipse/44blib.o
                0x0c0010e4                fileSize
                0x0c0010e8                downPt
                0x0c0010ec                Image_ZI_Limit = .
                0x0c0010ec                __bss_start__ = .
                0x0c0010ec                __bss_end__ = .
                0x0c0010ec                __EH_FRAME_BEGIN__ = .
                0x0c0010ec                __EH_FRAME_END__ = .
                0x0c0010ec                PROVIDE (__stack, .)
                0x0c0010ec                end = .
                0x0c0010ec                _end = .

.comment        0x00000000       0x2a
 .comment       0x00000000       0x2a ./src/button.o
                                 0x2b (size before relaxing)
 .comment       0x00000000       0x2b ./src/led.o
 .comment       0x00000000       0x2b ./src/main.o
 .comment       0x00000000       0x2b ./commonEclipse/44blib.o

.ARM.attributes
                0x00000000       0x30
 .ARM.attributes
                0x00000000       0x32 ./src/button.o
 .ARM.attributes
                0x00000032       0x22 ./src/init.o
 .ARM.attributes
                0x00000054       0x32 ./src/led.o
 .ARM.attributes
                0x00000086       0x32 ./src/main.o
 .ARM.attributes
                0x000000b8       0x22 ./commonEclipse/44binit.o
 .ARM.attributes
                0x000000da       0x32 ./commonEclipse/44blib.o
 .ARM.attributes
                0x0000010c       0x1a c:/software/electronica/arm/eclipsearm/sourcery-g++-lite-arm-2011.03/bin/../lib/gcc/arm-none-eabi/4.5.2\libgcc.a(_divsi3.o)
 .ARM.attributes
                0x00000126       0x18 c:/software/electronica/arm/eclipsearm/sourcery-g++-lite-arm-2011.03/bin/../lib/gcc/arm-none-eabi/4.5.2\libgcc.a(_dvmd_tls.o)

.debug_info     0x00000000      0x53a
 *(.debug_info)
 .debug_info    0x00000000       0x6d ./src/button.o
 .debug_info    0x0000006d       0x67 ./src/init.o
 .debug_info    0x000000d4      0x104 ./src/led.o
 .debug_info    0x000001d8       0xc5 ./src/main.o
 .debug_info    0x0000029d       0x74 ./commonEclipse/44binit.o
 .debug_info    0x00000311      0x229 ./commonEclipse/44blib.o

.debug_line     0x00000000      0xa22
 *(.debug_line)
 .debug_line    0x00000000       0xb2 ./src/button.o
 .debug_line    0x000000b2       0x41 ./src/init.o
 .debug_line    0x000000f3       0xb5 ./src/led.o
 .debug_line    0x000001a8      0x38b ./src/main.o
 .debug_line    0x00000533      0x116 ./commonEclipse/44binit.o
 .debug_line    0x00000649      0x3d9 ./commonEclipse/44blib.o

.debug_abbrev   0x00000000      0x282
 *(.debug_abbrev)
 .debug_abbrev  0x00000000       0x47 ./src/button.o
 .debug_abbrev  0x00000047       0x14 ./src/init.o
 .debug_abbrev  0x0000005b       0x7c ./src/led.o
 .debug_abbrev  0x000000d7       0x78 ./src/main.o
 .debug_abbrev  0x0000014f       0x14 ./commonEclipse/44binit.o
 .debug_abbrev  0x00000163      0x11f ./commonEclipse/44blib.o

.debug_frame    0x00000000      0x2cc
 *(.debug_frame)
 .debug_frame   0x00000000       0x5c ./src/button.o
 .debug_frame   0x0000005c      0x110 ./src/led.o
 .debug_frame   0x0000016c       0x70 ./src/main.o
 .debug_frame   0x000001dc       0xd0 ./commonEclipse/44blib.o
 .debug_frame   0x000002ac       0x20 c:/software/electronica/arm/eclipsearm/sourcery-g++-lite-arm-2011.03/bin/../lib/gcc/arm-none-eabi/4.5.2\libgcc.a(_divsi3.o)
OUTPUT(b_interrLeds.elf elf32-littlearm)

.debug_macinfo  0x00000000    0x1a21f
 .debug_macinfo
                0x00000000     0x5227 ./src/button.o
 .debug_macinfo
                0x00005227     0x50a3 ./src/led.o
 .debug_macinfo
                0x0000a2ca     0x7c5a ./src/main.o
 .debug_macinfo
                0x00011f24     0x82fb ./commonEclipse/44blib.o

.debug_loc      0x00000000      0x344
 .debug_loc     0x00000000       0x58 ./src/button.o
 .debug_loc     0x00000058      0x160 ./src/led.o
 .debug_loc     0x000001b8       0x84 ./src/main.o
 .debug_loc     0x0000023c      0x108 ./commonEclipse/44blib.o

.debug_pubnames
                0x00000000      0x19c
 .debug_pubnames
                0x00000000       0x40 ./src/button.o
 .debug_pubnames
                0x00000040       0x8b ./src/led.o
 .debug_pubnames
                0x000000cb       0x41 ./src/main.o
 .debug_pubnames
                0x0000010c       0x90 ./commonEclipse/44blib.o

.debug_aranges  0x00000000       0xc0
 .debug_aranges
                0x00000000       0x20 ./src/button.o
 .debug_aranges
                0x00000020       0x20 ./src/init.o
 .debug_aranges
                0x00000040       0x20 ./src/led.o
 .debug_aranges
                0x00000060       0x20 ./src/main.o
 .debug_aranges
                0x00000080       0x20 ./commonEclipse/44binit.o
 .debug_aranges
                0x000000a0       0x20 ./commonEclipse/44blib.o

.debug_str      0x00000000      0x1fd
 .debug_str     0x00000000       0x6c ./src/button.o
 .debug_str     0x0000006c       0x6c ./src/led.o
                                 0xa6 (size before relaxing)
 .debug_str     0x000000d8       0x81 ./src/main.o
                                 0xf4 (size before relaxing)
 .debug_str     0x00000159       0xa4 ./commonEclipse/44blib.o
                                0x16c (size before relaxing)

.debug_pubtypes
                0x00000000       0x24
 .debug_pubtypes
                0x00000000       0x12 ./src/main.o
 .debug_pubtypes
                0x00000012       0x12 ./commonEclipse/44blib.o
