AR vgacore vgacore_arch C:/hlocal/sed/FINAL_PR/FPGA/pong/vga.vhd sub00/vhpl17 1464362077
AR score behavioral C:/hlocal/sed/FINAL_PR/FPGA/pong/score.vhd sub00/vhpl19 1464362079
AR bola behavioral C:/hlocal/sed/FINAL_PR/FPGA/pong/bola.vhd sub00/vhpl15 1464362075
AR main behavioral C:/hlocal/sed/FINAL_PR/FPGA/pong/controlador.vhd sub00/vhpl23 1464362083
EN bola NULL C:/hlocal/sed/FINAL_PR/FPGA/pong/bola.vhd sub00/vhpl14 1464362074
AR receive arch C:/hlocal/sed/FINAL_PR/FPGA/pong/receive.vhd sub00/vhpl05 1464362065
EN keyboarduart NULL C:/hlocal/sed/FINAL_PR/FPGA/pong/keyboardUART.vhd sub00/vhpl12 1464362072
EN score NULL C:/hlocal/sed/FINAL_PR/FPGA/pong/score.vhd sub00/vhpl18 1464362078
AR timing timing C:/hlocal/sed/FINAL_PR/FPGA/pong/timing.vhd sub00/vhpl01 1464362061
EN main NULL C:/hlocal/sed/FINAL_PR/FPGA/pong/controlador.vhd sub00/vhpl22 1464362082
AR paddle behavioral C:/hlocal/sed/FINAL_PR/FPGA/pong/paddle.vhd sub00/vhpl11 1464362071
PH tiposyconstantes NULL C:/hlocal/sed/FINAL_PR/FPGA/pong/tiposyconstantes.vhd sub00/vhpl06 1464362066
AR transmit arch C:/hlocal/sed/FINAL_PR/FPGA/pong/transmit.vhd sub00/vhpl03 1464362063
AR keyboarduart behavioral C:/hlocal/sed/FINAL_PR/FPGA/pong/keyboardUART.vhd sub00/vhpl13 1464362073
EN paddle NULL C:/hlocal/sed/FINAL_PR/FPGA/pong/paddle.vhd sub00/vhpl10 1464362070
EN divisor2 NULL C:/hlocal/sed/FINAL_PR/FPGA/pong/divisor2.vhd sub00/vhpl08 1464362068
EN rs232 NULL C:/hlocal/sed/FINAL_PR/FPGA/pong/RS232.vhd sub00/vhpl20 1464362080
AR divisor2 divisor_arch C:/hlocal/sed/FINAL_PR/FPGA/pong/divisor2.vhd sub00/vhpl09 1464362069
EN receive NULL C:/hlocal/sed/FINAL_PR/FPGA/pong/receive.vhd sub00/vhpl04 1464362064
EN timing NULL C:/hlocal/sed/FINAL_PR/FPGA/pong/timing.vhd sub00/vhpl00 1464362060
PB tiposyconstantes tiposyconstantes C:/hlocal/sed/FINAL_PR/FPGA/pong/tiposyconstantes.vhd sub00/vhpl07 1464362067
EN vgacore NULL C:/hlocal/sed/FINAL_PR/FPGA/pong/vga.vhd sub00/vhpl16 1464362076
EN transmit NULL C:/hlocal/sed/FINAL_PR/FPGA/pong/transmit.vhd sub00/vhpl02 1464362062
AR rs232 rtl C:/hlocal/sed/FINAL_PR/FPGA/pong/RS232.vhd sub00/vhpl21 1464362081
