
Allocating common symbols
Common symbol       size              file

dirtmp              0x1               ./button.o
val                 0x4               ./main.o
dato                0x1               ./main.o
key                 0x4               ./keyboard.o
dir                 0x1               ./main.o
kread               0x4               ./main.o
st                  0x4               ./main.o

Memory Configuration

Name             Origin             Length             Attributes
*default*        0x00000000         0xffffffff

Linker script and memory map

LOAD ./commonEclipse/system.o
LOAD ./8led.o
LOAD ./at24C04.o
LOAD ./button.o
LOAD ./iic.o
LOAD ./init.o
LOAD ./keyboard.o
LOAD ./main.o
LOAD C:\software\electronica\ARM\EclipseARM\eclipse\/../sourcery-g++-lite-arm-2011.03/arm-none-eabi/lib\libc.a
LOAD C:\hlocal\EclipseARMwspace\a_eepromi2c\commonEclipse\libsedLib.a
LOAD c:/software/electronica/arm/eclipsearm/sourcery-g++-lite-arm-2011.03/bin/../lib/gcc/arm-none-eabi/4.5.2\libgcc.a
LOAD C:\software\electronica\ARM\EclipseARM\eclipse\/../sourcery-g++-lite-arm-2011.03/arm-none-eabi/lib\libnosys.a
START GROUP
LOAD c:/software/electronica/arm/eclipsearm/sourcery-g++-lite-arm-2011.03/bin/../lib/gcc/arm-none-eabi/4.5.2\libgcc.a
LOAD C:\software\electronica\ARM\EclipseARM\eclipse\/../sourcery-g++-lite-arm-2011.03/arm-none-eabi/lib\libc.a
END GROUP
                0x0c100000                . = 0xc100000
                0x0c100000                _image_start = .
                0x0c100000                _code_start = .

.text           0x0c100000     0x11b8
 *(.text)
 .text          0x0c100000      0x328 ./commonEclipse/system.o
                0x0c100000                DelayMs
                0x0c100064                sys_init
                0x0c1001a8                port_init
 .text          0x0c100328       0x60 ./8led.o
                0x0c100328                D8Led_init
                0x0c10034c                D8Led_symbol
 .text          0x0c100388      0x130 ./at24C04.o
                0x0c100388                at24c04_bytewrite
                0x0c100408                at24c04_byteread
 .text          0x0c1004b8      0x2fc ./button.o
                0x0c1004b8                Eint4567_init
                0x0c10055c                Eint4567_ISR
                0x0c1006b0                Eint4567_activar
                0x0c100718                Eint4567_desactivar
                0x0c100768                button_no_pressed
 .text          0x0c1007b4      0x3e8 ./iic.o
                0x0c1007b4                iic_init
                0x0c100888                wait_ack
                0x0c1008bc                iic_putByte_start
                0x0c100924                iic_putByte
                0x0c100974                iic_putByte_stop
                0x0c1009fc                iic_getByte_start
                0x0c100a68                iic_getByte
                0x0c100ac4                iic_getByte_stop
 .text          0x0c100b9c       0x1c ./init.o
                0x0c100b9c                start
 .text          0x0c100bb8      0x2b0 ./keyboard.o
                0x0c100bb8                keyboard_init
                0x0c100c34                keyboard_activar
                0x0c100c80                keyboard_desactivar
                0x0c100cc0                Keyboard_ISR
                0x0c100d40                key_read
 .text          0x0c100e68      0x350 ./main.o
                0x0c100e68                practica_init
                0x0c100eec                Main
                0x0c1011b8                _code_end = .
                0x000011b8                _code_size = SIZEOF (.text)
                0x0c1011b8                _data_start = .

.glue_7         0x0c1011b8        0x0
 .glue_7        0x00000000        0x0 linker stubs

.glue_7t        0x0c1011b8        0x0
 .glue_7t       0x00000000        0x0 linker stubs

.vfp11_veneer   0x0c1011b8        0x0
 .vfp11_veneer  0x00000000        0x0 linker stubs

.v4_bx          0x0c1011b8        0x0
 .v4_bx         0x00000000        0x0 linker stubs

.rodata         0x0c1011b8       0x10
 *(.rodata)
 .rodata        0x0c1011b8       0x10 ./keyboard.o

.data           0x0c1011c8       0x50
 *(.data)
 .data          0x0c1011c8        0xc ./commonEclipse/system.o
                0x0c1011d0                mclk
 .data          0x0c1011d4       0x40 ./8led.o
                0x0c1011d4                Symbol
 .data          0x0c101214        0x0 ./at24C04.o
 .data          0x0c101214        0x0 ./button.o
 .data          0x0c101214        0x0 ./iic.o
 .data          0x0c101214        0x0 ./init.o
 .data          0x0c101214        0x4 ./keyboard.o
                0x0c101214                keyboard_base
 .data          0x0c101218        0x0 ./main.o

.bss            0x0c101218       0x18
 *(.bss)
 .bss           0x0c101218        0x0 ./commonEclipse/system.o
 .bss           0x0c101218        0x0 ./8led.o
 .bss           0x0c101218        0x0 ./at24C04.o
 .bss           0x0c101218        0x0 ./button.o
 .bss           0x0c101218        0x0 ./iic.o
 .bss           0x0c101218        0x0 ./init.o
 .bss           0x0c101218        0x0 ./keyboard.o
 .bss           0x0c101218        0x0 ./main.o
 COMMON         0x0c101218        0x1 ./button.o
                0x0c101218                dirtmp
 *fill*         0x0c101219        0x3 00
 COMMON         0x0c10121c        0x4 ./keyboard.o
                0x0c10121c                key
 COMMON         0x0c101220       0x10 ./main.o
                0x0c101220                val
                0x0c101224                dato
                0x0c101225                dir
                0x0c101228                kread
                0x0c10122c                st
                0x0c101230                _data_end = .
                0x00000078                _data_size = ((SIZEOF (.rodata) + SIZEOF (.data)) + SIZEOF (.bss))
                0x00001230                _total_size = (_code_size + _data_size)
                0x0c101230                _image_end = .
                0x0c101230                end = .
OUTPUT(a_eepromi2c.elf elf32-littlearm)

.debug_abbrev   0x00000000      0x5cb
 .debug_abbrev  0x00000000       0xca ./commonEclipse/system.o
 .debug_abbrev  0x000000ca       0x9b ./8led.o
 .debug_abbrev  0x00000165       0x77 ./at24C04.o
 .debug_abbrev  0x000001dc       0xf6 ./button.o
 .debug_abbrev  0x000002d2       0xe6 ./iic.o
 .debug_abbrev  0x000003b8       0x14 ./init.o
 .debug_abbrev  0x000003cc      0x109 ./keyboard.o
 .debug_abbrev  0x000004d5       0xf6 ./main.o

.debug_info     0x00000000      0x9aa
 .debug_info    0x00000000      0x120 ./commonEclipse/system.o
 .debug_info    0x00000120       0xa4 ./8led.o
 .debug_info    0x000001c4      0x106 ./at24C04.o
 .debug_info    0x000002ca      0x172 ./button.o
 .debug_info    0x0000043c      0x1b9 ./iic.o
 .debug_info    0x000005f5       0x62 ./init.o
 .debug_info    0x00000657      0x18c ./keyboard.o
 .debug_info    0x000007e3      0x1c7 ./main.o

.debug_line     0x00000000      0x5ec
 .debug_line    0x00000000       0xc5 ./commonEclipse/system.o
 .debug_line    0x000000c5       0x88 ./8led.o
 .debug_line    0x0000014d       0xa6 ./at24C04.o
 .debug_line    0x000001f3       0xda ./button.o
 .debug_line    0x000002cd       0xf6 ./iic.o
 .debug_line    0x000003c3       0x3d ./init.o
 .debug_line    0x00000400       0xcb ./keyboard.o
 .debug_line    0x000004cb      0x121 ./main.o

.debug_macinfo  0x00000000    0x21370
 .debug_macinfo
                0x00000000     0x56ec ./commonEclipse/system.o
 .debug_macinfo
                0x000056ec     0x543d ./8led.o
 .debug_macinfo
                0x0000ab29     0x220c ./at24C04.o
 .debug_macinfo
                0x0000cd35     0x5142 ./button.o
 .debug_macinfo
                0x00011e77     0x500a ./iic.o
 .debug_macinfo
                0x00016e81     0x5112 ./keyboard.o
 .debug_macinfo
                0x0001bf93     0x53dd ./main.o

.debug_loc      0x00000000      0x4a4
 .debug_loc     0x00000000       0x84 ./commonEclipse/system.o
 .debug_loc     0x00000084       0x58 ./8led.o
 .debug_loc     0x000000dc       0x58 ./at24C04.o
 .debug_loc     0x00000134       0xdc ./button.o
 .debug_loc     0x00000210      0x160 ./iic.o
 .debug_loc     0x00000370       0xdc ./keyboard.o
 .debug_loc     0x0000044c       0x58 ./main.o

.debug_pubnames
                0x00000000      0x2c1
 .debug_pubnames
                0x00000000       0x42 ./commonEclipse/system.o
 .debug_pubnames
                0x00000042       0x3d ./8led.o
 .debug_pubnames
                0x0000007f       0x3d ./at24C04.o
 .debug_pubnames
                0x000000bc       0x83 ./button.o
 .debug_pubnames
                0x0000013f       0xa2 ./iic.o
 .debug_pubnames
                0x000001e1       0x89 ./keyboard.o
 .debug_pubnames
                0x0000026a       0x57 ./main.o

.debug_pubtypes
                0x00000000       0xb7
 .debug_pubtypes
                0x00000000       0x1d ./commonEclipse/system.o
 .debug_pubtypes
                0x0000001d       0x27 ./at24C04.o
 .debug_pubtypes
                0x00000044       0x1c ./button.o
 .debug_pubtypes
                0x00000060       0x30 ./iic.o
 .debug_pubtypes
                0x00000090       0x27 ./main.o

.debug_aranges  0x00000000      0x100
 .debug_aranges
                0x00000000       0x20 ./commonEclipse/system.o
 .debug_aranges
                0x00000020       0x20 ./8led.o
 .debug_aranges
                0x00000040       0x20 ./at24C04.o
 .debug_aranges
                0x00000060       0x20 ./button.o
 .debug_aranges
                0x00000080       0x20 ./iic.o
 .debug_aranges
                0x000000a0       0x20 ./init.o
 .debug_aranges
                0x000000c0       0x20 ./keyboard.o
 .debug_aranges
                0x000000e0       0x20 ./main.o

.debug_str      0x00000000      0x2f5
 .debug_str     0x00000000       0xe6 ./commonEclipse/system.o
                                 0xff (size before relaxing)
 .debug_str     0x000000e6       0x2f ./8led.o
                                 0x75 (size before relaxing)
 .debug_str     0x00000115       0x4c ./at24C04.o
                                 0xee (size before relaxing)
 .debug_str     0x00000161       0x73 ./button.o
                                0x130 (size before relaxing)
 .debug_str     0x000001d4       0x7e ./iic.o
                                0x137 (size before relaxing)
 .debug_str     0x00000252       0x71 ./keyboard.o
                                 0xf0 (size before relaxing)
 .debug_str     0x000002c3       0x32 ./main.o
                                0x10a (size before relaxing)

.comment        0x00000000       0x2a
 .comment       0x00000000       0x2a ./commonEclipse/system.o
                                 0x2b (size before relaxing)
 .comment       0x00000000       0x2b ./8led.o
 .comment       0x00000000       0x2b ./at24C04.o
 .comment       0x00000000       0x2b ./button.o
 .comment       0x00000000       0x2b ./iic.o
 .comment       0x00000000       0x2b ./keyboard.o
 .comment       0x00000000       0x2b ./main.o

.ARM.attributes
                0x00000000       0x30
 .ARM.attributes
                0x00000000       0x32 ./commonEclipse/system.o
 .ARM.attributes
                0x00000032       0x32 ./8led.o
 .ARM.attributes
                0x00000064       0x32 ./at24C04.o
 .ARM.attributes
                0x00000096       0x32 ./button.o
 .ARM.attributes
                0x000000c8       0x32 ./iic.o
 .ARM.attributes
                0x000000fa       0x22 ./init.o
 .ARM.attributes
                0x0000011c       0x32 ./keyboard.o
 .ARM.attributes
                0x0000014e       0x32 ./main.o

.debug_frame    0x00000000      0x3e8
 .debug_frame   0x00000000       0x70 ./commonEclipse/system.o
 .debug_frame   0x00000070       0x50 ./8led.o
 .debug_frame   0x000000c0       0x50 ./at24C04.o
 .debug_frame   0x00000110       0xbc ./button.o
 .debug_frame   0x000001cc      0x110 ./iic.o
 .debug_frame   0x000002dc       0xbc ./keyboard.o
 .debug_frame   0x00000398       0x50 ./main.o
