Archive member included because of file (symbol)

c:/software/electronica/arm/eclipsearm/sourcery-g++-lite-arm-2011.03/bin/../lib/gcc/arm-none-eabi/4.5.2/../../../../arm-none-eabi/lib\libc.a(lib_a-vsprintf.o)
                              ./uart.o (vsprintf)
c:/software/electronica/arm/eclipsearm/sourcery-g++-lite-arm-2011.03/bin/../lib/gcc/arm-none-eabi/4.5.2/../../../../arm-none-eabi/lib\libc.a(lib_a-impure.o)
                              c:/software/electronica/arm/eclipsearm/sourcery-g++-lite-arm-2011.03/bin/../lib/gcc/arm-none-eabi/4.5.2/../../../../arm-none-eabi/lib\libc.a(lib_a-vsprintf.o) (_impure_ptr)
c:/software/electronica/arm/eclipsearm/sourcery-g++-lite-arm-2011.03/bin/../lib/gcc/arm-none-eabi/4.5.2/../../../../arm-none-eabi/lib\libc.a(lib_a-svfprintf.o)
                              c:/software/electronica/arm/eclipsearm/sourcery-g++-lite-arm-2011.03/bin/../lib/gcc/arm-none-eabi/4.5.2/../../../../arm-none-eabi/lib\libc.a(lib_a-vsprintf.o) (_svfprintf_r)
c:/software/electronica/arm/eclipsearm/sourcery-g++-lite-arm-2011.03/bin/../lib/gcc/arm-none-eabi/4.5.2/../../../../arm-none-eabi/lib\libc.a(lib_a-dtoa.o)
                              c:/software/electronica/arm/eclipsearm/sourcery-g++-lite-arm-2011.03/bin/../lib/gcc/arm-none-eabi/4.5.2/../../../../arm-none-eabi/lib\libc.a(lib_a-svfprintf.o) (_dtoa_r)
c:/software/electronica/arm/eclipsearm/sourcery-g++-lite-arm-2011.03/bin/../lib/gcc/arm-none-eabi/4.5.2/../../../../arm-none-eabi/lib\libc.a(lib_a-locale.o)
                              c:/software/electronica/arm/eclipsearm/sourcery-g++-lite-arm-2011.03/bin/../lib/gcc/arm-none-eabi/4.5.2/../../../../arm-none-eabi/lib\libc.a(lib_a-svfprintf.o) (_localeconv_r)
c:/software/electronica/arm/eclipsearm/sourcery-g++-lite-arm-2011.03/bin/../lib/gcc/arm-none-eabi/4.5.2/../../../../arm-none-eabi/lib\libc.a(lib_a-mallocr.o)
                              c:/software/electronica/arm/eclipsearm/sourcery-g++-lite-arm-2011.03/bin/../lib/gcc/arm-none-eabi/4.5.2/../../../../arm-none-eabi/lib\libc.a(lib_a-svfprintf.o) (_malloc_r)
c:/software/electronica/arm/eclipsearm/sourcery-g++-lite-arm-2011.03/bin/../lib/gcc/arm-none-eabi/4.5.2/../../../../arm-none-eabi/lib\libc.a(lib_a-memchr.o)
                              c:/software/electronica/arm/eclipsearm/sourcery-g++-lite-arm-2011.03/bin/../lib/gcc/arm-none-eabi/4.5.2/../../../../arm-none-eabi/lib\libc.a(lib_a-svfprintf.o) (memchr)
c:/software/electronica/arm/eclipsearm/sourcery-g++-lite-arm-2011.03/bin/../lib/gcc/arm-none-eabi/4.5.2/../../../../arm-none-eabi/lib\libc.a(lib_a-memcpy.o)
                              c:/software/electronica/arm/eclipsearm/sourcery-g++-lite-arm-2011.03/bin/../lib/gcc/arm-none-eabi/4.5.2/../../../../arm-none-eabi/lib\libc.a(lib_a-dtoa.o) (memcpy)
c:/software/electronica/arm/eclipsearm/sourcery-g++-lite-arm-2011.03/bin/../lib/gcc/arm-none-eabi/4.5.2/../../../../arm-none-eabi/lib\libc.a(lib_a-mlock.o)
                              c:/software/electronica/arm/eclipsearm/sourcery-g++-lite-arm-2011.03/bin/../lib/gcc/arm-none-eabi/4.5.2/../../../../arm-none-eabi/lib\libc.a(lib_a-mallocr.o) (__malloc_lock)
c:/software/electronica/arm/eclipsearm/sourcery-g++-lite-arm-2011.03/bin/../lib/gcc/arm-none-eabi/4.5.2/../../../../arm-none-eabi/lib\libc.a(lib_a-mprec.o)
                              c:/software/electronica/arm/eclipsearm/sourcery-g++-lite-arm-2011.03/bin/../lib/gcc/arm-none-eabi/4.5.2/../../../../arm-none-eabi/lib\libc.a(lib_a-dtoa.o) (_Balloc)
c:/software/electronica/arm/eclipsearm/sourcery-g++-lite-arm-2011.03/bin/../lib/gcc/arm-none-eabi/4.5.2/../../../../arm-none-eabi/lib\libc.a(lib_a-s_fpclassify.o)
                              c:/software/electronica/arm/eclipsearm/sourcery-g++-lite-arm-2011.03/bin/../lib/gcc/arm-none-eabi/4.5.2/../../../../arm-none-eabi/lib\libc.a(lib_a-svfprintf.o) (__fpclassifyd)
c:/software/electronica/arm/eclipsearm/sourcery-g++-lite-arm-2011.03/bin/../lib/gcc/arm-none-eabi/4.5.2/../../../../arm-none-eabi/lib\libc.a(lib_a-sbrkr.o)
                              c:/software/electronica/arm/eclipsearm/sourcery-g++-lite-arm-2011.03/bin/../lib/gcc/arm-none-eabi/4.5.2/../../../../arm-none-eabi/lib\libc.a(lib_a-mallocr.o) (_sbrk_r)
c:/software/electronica/arm/eclipsearm/sourcery-g++-lite-arm-2011.03/bin/../lib/gcc/arm-none-eabi/4.5.2/../../../../arm-none-eabi/lib\libc.a(lib_a-strcmp.o)
                              c:/software/electronica/arm/eclipsearm/sourcery-g++-lite-arm-2011.03/bin/../lib/gcc/arm-none-eabi/4.5.2/../../../../arm-none-eabi/lib\libc.a(lib_a-locale.o) (strcmp)
c:/software/electronica/arm/eclipsearm/sourcery-g++-lite-arm-2011.03/bin/../lib/gcc/arm-none-eabi/4.5.2/../../../../arm-none-eabi/lib\libc.a(lib_a-strlen.o)
                              c:/software/electronica/arm/eclipsearm/sourcery-g++-lite-arm-2011.03/bin/../lib/gcc/arm-none-eabi/4.5.2/../../../../arm-none-eabi/lib\libc.a(lib_a-svfprintf.o) (strlen)
c:/software/electronica/arm/eclipsearm/sourcery-g++-lite-arm-2011.03/bin/../lib/gcc/arm-none-eabi/4.5.2/../../../../arm-none-eabi/lib\libc.a(lib_a-svfiprintf.o)
                              c:/software/electronica/arm/eclipsearm/sourcery-g++-lite-arm-2011.03/bin/../lib/gcc/arm-none-eabi/4.5.2/../../../../arm-none-eabi/lib\libc.a(lib_a-svfprintf.o) (__ssprint_r)
c:/software/electronica/arm/eclipsearm/sourcery-g++-lite-arm-2011.03/bin/../lib/gcc/arm-none-eabi/4.5.2/../../../../arm-none-eabi/lib\libc.a(lib_a-callocr.o)
                              c:/software/electronica/arm/eclipsearm/sourcery-g++-lite-arm-2011.03/bin/../lib/gcc/arm-none-eabi/4.5.2/../../../../arm-none-eabi/lib\libc.a(lib_a-mprec.o) (_calloc_r)
c:/software/electronica/arm/eclipsearm/sourcery-g++-lite-arm-2011.03/bin/../lib/gcc/arm-none-eabi/4.5.2/../../../../arm-none-eabi/lib\libc.a(lib_a-freer.o)
                              c:/software/electronica/arm/eclipsearm/sourcery-g++-lite-arm-2011.03/bin/../lib/gcc/arm-none-eabi/4.5.2/../../../../arm-none-eabi/lib\libc.a(lib_a-mallocr.o) (_free_r)
c:/software/electronica/arm/eclipsearm/sourcery-g++-lite-arm-2011.03/bin/../lib/gcc/arm-none-eabi/4.5.2/../../../../arm-none-eabi/lib\libc.a(lib_a-memmove.o)
                              c:/software/electronica/arm/eclipsearm/sourcery-g++-lite-arm-2011.03/bin/../lib/gcc/arm-none-eabi/4.5.2/../../../../arm-none-eabi/lib\libc.a(lib_a-svfiprintf.o) (memmove)
c:/software/electronica/arm/eclipsearm/sourcery-g++-lite-arm-2011.03/bin/../lib/gcc/arm-none-eabi/4.5.2/../../../../arm-none-eabi/lib\libc.a(lib_a-memset.o)
                              c:/software/electronica/arm/eclipsearm/sourcery-g++-lite-arm-2011.03/bin/../lib/gcc/arm-none-eabi/4.5.2/../../../../arm-none-eabi/lib\libc.a(lib_a-callocr.o) (memset)
c:/software/electronica/arm/eclipsearm/sourcery-g++-lite-arm-2011.03/bin/../lib/gcc/arm-none-eabi/4.5.2/../../../../arm-none-eabi/lib\libc.a(lib_a-reallocr.o)
                              c:/software/electronica/arm/eclipsearm/sourcery-g++-lite-arm-2011.03/bin/../lib/gcc/arm-none-eabi/4.5.2/../../../../arm-none-eabi/lib\libc.a(lib_a-svfiprintf.o) (_realloc_r)
c:/software/electronica/arm/eclipsearm/sourcery-g++-lite-arm-2011.03/bin/../lib/gcc/arm-none-eabi/4.5.2/../../../../arm-none-eabi/lib\libc.a(lib_a-reent.o)
                              c:/software/electronica/arm/eclipsearm/sourcery-g++-lite-arm-2011.03/bin/../lib/gcc/arm-none-eabi/4.5.2/../../../../arm-none-eabi/lib\libc.a(lib_a-sbrkr.o) (errno)
c:/software/electronica/arm/eclipsearm/sourcery-g++-lite-arm-2011.03/bin/../lib/gcc/arm-none-eabi/4.5.2\libgcc.a(_udivsi3.o)
                              c:/software/electronica/arm/eclipsearm/sourcery-g++-lite-arm-2011.03/bin/../lib/gcc/arm-none-eabi/4.5.2/../../../../arm-none-eabi/lib\libc.a(lib_a-dtoa.o) (__aeabi_uidiv)
c:/software/electronica/arm/eclipsearm/sourcery-g++-lite-arm-2011.03/bin/../lib/gcc/arm-none-eabi/4.5.2\libgcc.a(_divsi3.o)
                              ./commonUart/44blib.o (__aeabi_idiv)
c:/software/electronica/arm/eclipsearm/sourcery-g++-lite-arm-2011.03/bin/../lib/gcc/arm-none-eabi/4.5.2\libgcc.a(_dvmd_tls.o)
                              c:/software/electronica/arm/eclipsearm/sourcery-g++-lite-arm-2011.03/bin/../lib/gcc/arm-none-eabi/4.5.2\libgcc.a(_udivsi3.o) (__aeabi_idiv0)
c:/software/electronica/arm/eclipsearm/sourcery-g++-lite-arm-2011.03/bin/../lib/gcc/arm-none-eabi/4.5.2\libgcc.a(_arm_addsubdf3.o)
                              c:/software/electronica/arm/eclipsearm/sourcery-g++-lite-arm-2011.03/bin/../lib/gcc/arm-none-eabi/4.5.2/../../../../arm-none-eabi/lib\libc.a(lib_a-dtoa.o) (__aeabi_dsub)
c:/software/electronica/arm/eclipsearm/sourcery-g++-lite-arm-2011.03/bin/../lib/gcc/arm-none-eabi/4.5.2\libgcc.a(_arm_muldivdf3.o)
                              c:/software/electronica/arm/eclipsearm/sourcery-g++-lite-arm-2011.03/bin/../lib/gcc/arm-none-eabi/4.5.2/../../../../arm-none-eabi/lib\libc.a(lib_a-dtoa.o) (__aeabi_dmul)
c:/software/electronica/arm/eclipsearm/sourcery-g++-lite-arm-2011.03/bin/../lib/gcc/arm-none-eabi/4.5.2\libgcc.a(_arm_cmpdf2.o)
                              c:/software/electronica/arm/eclipsearm/sourcery-g++-lite-arm-2011.03/bin/../lib/gcc/arm-none-eabi/4.5.2/../../../../arm-none-eabi/lib\libc.a(lib_a-svfprintf.o) (__aeabi_dcmpeq)
c:/software/electronica/arm/eclipsearm/sourcery-g++-lite-arm-2011.03/bin/../lib/gcc/arm-none-eabi/4.5.2\libgcc.a(_arm_fixdfsi.o)
                              ./uart.o (__aeabi_d2iz)
c:/software/electronica/arm/eclipsearm/sourcery-g++-lite-arm-2011.03/bin/../lib/gcc/arm-none-eabi/4.5.2\libgcc.a(_aeabi_uldivmod.o)
                              c:/software/electronica/arm/eclipsearm/sourcery-g++-lite-arm-2011.03/bin/../lib/gcc/arm-none-eabi/4.5.2/../../../../arm-none-eabi/lib\libc.a(lib_a-svfprintf.o) (__aeabi_uldivmod)
c:/software/electronica/arm/eclipsearm/sourcery-g++-lite-arm-2011.03/bin/../lib/gcc/arm-none-eabi/4.5.2\libgcc.a(bpabi.o)
                              c:/software/electronica/arm/eclipsearm/sourcery-g++-lite-arm-2011.03/bin/../lib/gcc/arm-none-eabi/4.5.2\libgcc.a(_aeabi_uldivmod.o) (__gnu_uldivmod_helper)
c:/software/electronica/arm/eclipsearm/sourcery-g++-lite-arm-2011.03/bin/../lib/gcc/arm-none-eabi/4.5.2\libgcc.a(_divdi3.o)
                              c:/software/electronica/arm/eclipsearm/sourcery-g++-lite-arm-2011.03/bin/../lib/gcc/arm-none-eabi/4.5.2\libgcc.a(bpabi.o) (__divdi3)
c:/software/electronica/arm/eclipsearm/sourcery-g++-lite-arm-2011.03/bin/../lib/gcc/arm-none-eabi/4.5.2\libgcc.a(_udivdi3.o)
                              c:/software/electronica/arm/eclipsearm/sourcery-g++-lite-arm-2011.03/bin/../lib/gcc/arm-none-eabi/4.5.2\libgcc.a(bpabi.o) (__udivdi3)
c:/software/electronica/arm/eclipsearm/sourcery-g++-lite-arm-2011.03/bin/../lib/gcc/arm-none-eabi/4.5.2\libgcc.a(_clzsi2.o)
                              c:/software/electronica/arm/eclipsearm/sourcery-g++-lite-arm-2011.03/bin/../lib/gcc/arm-none-eabi/4.5.2\libgcc.a(_divdi3.o) (__clzsi2)
c:/software/electronica/arm/eclipsearm/sourcery-g++-lite-arm-2011.03/bin/../lib/gcc/arm-none-eabi/4.5.2/../../../../arm-none-eabi/lib\libnosys.a(sbrk.o)
                              c:/software/electronica/arm/eclipsearm/sourcery-g++-lite-arm-2011.03/bin/../lib/gcc/arm-none-eabi/4.5.2/../../../../arm-none-eabi/lib\libc.a(lib_a-sbrkr.o) (_sbrk)

Allocating common symbols
Common symbol       size              file

errno               0x4               c:/software/electronica/arm/eclipsearm/sourcery-g++-lite-arm-2011.03/bin/../lib/gcc/arm-none-eabi/4.5.2/../../../../arm-none-eabi/lib\libc.a(lib_a-reent.o)
led_state           0x4               ./led.o
fileSize            0x4               ./commonUart/44blib.o
key                 0x4               ./keyboard.o
str                 0x100             ./main.o
downPt              0x4               ./commonUart/44blib.o

Memory Configuration

Name             Origin             Length             Attributes
*default*        0x00000000         0xffffffff

Linker script and memory map

LOAD ./commonUart/44binit.o
LOAD ./commonUart/44blib.o
LOAD ./8led.o
LOAD ./button.o
LOAD ./keyboard.o
LOAD ./led.o
LOAD ./main.o
LOAD ./uart.o
LOAD c:/software/electronica/arm/eclipsearm/sourcery-g++-lite-arm-2011.03/bin/../lib/gcc/arm-none-eabi/4.5.2/../../../../arm-none-eabi/lib\libc.a
LOAD c:/software/electronica/arm/eclipsearm/sourcery-g++-lite-arm-2011.03/bin/../lib/gcc/arm-none-eabi/4.5.2\libgcc.a
LOAD c:/software/electronica/arm/eclipsearm/sourcery-g++-lite-arm-2011.03/bin/../lib/gcc/arm-none-eabi/4.5.2/../../../../arm-none-eabi/lib\libnosys.a
START GROUP
LOAD c:/software/electronica/arm/eclipsearm/sourcery-g++-lite-arm-2011.03/bin/../lib/gcc/arm-none-eabi/4.5.2\libgcc.a
LOAD c:/software/electronica/arm/eclipsearm/sourcery-g++-lite-arm-2011.03/bin/../lib/gcc/arm-none-eabi/4.5.2/../../../../arm-none-eabi/lib\libc.a
END GROUP
                0x0c000000                . = 0xc000000
                0x0c000000                Image_RO_Base = .

.text           0x0c000000     0xa224
 *(.text)
 .text          0x0c000000      0x710 ./commonUart/44binit.o
 .text          0x0c000710      0x46c ./commonUart/44blib.o
                0x0c000710                Delay
                0x0c000848                DelayMs
                0x0c0008ac                Port_Init
                0x0c000a3c                malloc
                0x0c000adc                free
                0x0c000b0c                sys_init
 .text          0x0c000b7c       0x7c ./8led.o
                0x0c000b7c                D8Led_init
                0x0c000ba0                D8Led_symbol
 .text          0x0c000bf8      0x244 ./button.o
                0x0c000bf8                Eint4567_init
                0x0c000c9c                Eint4567_ISR
                0x0c000d38                Eint4567_activar
                0x0c000da0                Eint4567_desactivar
                0x0c000df0                button_no_pressed
 .text          0x0c000e3c      0x274 ./keyboard.o
                0x0c000e3c                keyboard_init
                0x0c000eb8                keyboard_activar
                0x0c000f04                keyboard_desactivar
                0x0c000f44                Keyboard_ISR
                0x0c000fac                key_read
 .text          0x0c0010b0      0x230 ./led.o
                0x0c0010b0                leds_on
                0x0c0010d0                leds_off
                0x0c0010f0                led1_on
                0x0c001130                led1_off
                0x0c001170                led2_on
                0x0c0011b0                led2_off
                0x0c0011f0                leds_switch
                0x0c001230                Led_Display
 .text          0x0c0012e0       0xf0 ./main.o
                0x0c0012e0                Main
                0x0c001360                initPractica
 .text          0x0c0013d0      0x340 ./uart.o
                0x0c0013d0                Uart_Init
                0x0c001550                Uart_Config
                0x0c001568                Uart_TxEmpty
                0x0c00159c                Uart_Getch
                0x0c0015e4                Uart_SendByte
                0x0c001678                Uart_SendString
                0x0c0016c8                Uart_Printf
 .text          0x0c001710       0x7c c:/software/electronica/arm/eclipsearm/sourcery-g++-lite-arm-2011.03/bin/../lib/gcc/arm-none-eabi/4.5.2/../../../../arm-none-eabi/lib\libc.a(lib_a-vsprintf.o)
                0x0c001710                _vsprintf_r
                0x0c001760                vsprintf
 .text          0x0c00178c        0x0 c:/software/electronica/arm/eclipsearm/sourcery-g++-lite-arm-2011.03/bin/../lib/gcc/arm-none-eabi/4.5.2/../../../../arm-none-eabi/lib\libc.a(lib_a-impure.o)
 .text          0x0c00178c     0x2138 c:/software/electronica/arm/eclipsearm/sourcery-g++-lite-arm-2011.03/bin/../lib/gcc/arm-none-eabi/4.5.2/../../../../arm-none-eabi/lib\libc.a(lib_a-svfprintf.o)
                0x0c00178c                _svfprintf_r
 *fill*         0x0c0038c4        0x4 00
 .text          0x0c0038c8     0x17d0 c:/software/electronica/arm/eclipsearm/sourcery-g++-lite-arm-2011.03/bin/../lib/gcc/arm-none-eabi/4.5.2/../../../../arm-none-eabi/lib\libc.a(lib_a-dtoa.o)
                0x0c003a98                _dtoa_r
 .text          0x0c005098       0xd0 c:/software/electronica/arm/eclipsearm/sourcery-g++-lite-arm-2011.03/bin/../lib/gcc/arm-none-eabi/4.5.2/../../../../arm-none-eabi/lib\libc.a(lib_a-locale.o)
                0x0c005098                _setlocale_r
                0x0c005104                __locale_charset
                0x0c005110                __locale_mb_cur_max
                0x0c005120                __locale_msgcharset
                0x0c00512c                __locale_cjk_lang
                0x0c005134                _localeconv_r
                0x0c005140                setlocale
                0x0c00515c                localeconv
 .text          0x0c005168      0x70c c:/software/electronica/arm/eclipsearm/sourcery-g++-lite-arm-2011.03/bin/../lib/gcc/arm-none-eabi/4.5.2/../../../../arm-none-eabi/lib\libc.a(lib_a-mallocr.o)
                0x0c005168                _malloc_r
 .text          0x0c005874      0x104 c:/software/electronica/arm/eclipsearm/sourcery-g++-lite-arm-2011.03/bin/../lib/gcc/arm-none-eabi/4.5.2/../../../../arm-none-eabi/lib\libc.a(lib_a-memchr.o)
                0x0c005874                memchr
 .text          0x0c005978      0x1c0 c:/software/electronica/arm/eclipsearm/sourcery-g++-lite-arm-2011.03/bin/../lib/gcc/arm-none-eabi/4.5.2/../../../../arm-none-eabi/lib\libc.a(lib_a-memcpy.o)
                0x0c005978                memcpy
 .text          0x0c005b38        0x8 c:/software/electronica/arm/eclipsearm/sourcery-g++-lite-arm-2011.03/bin/../lib/gcc/arm-none-eabi/4.5.2/../../../../arm-none-eabi/lib\libc.a(lib_a-mlock.o)
                0x0c005b38                __malloc_lock
                0x0c005b3c                __malloc_unlock
 .text          0x0c005b40      0xcfc c:/software/electronica/arm/eclipsearm/sourcery-g++-lite-arm-2011.03/bin/../lib/gcc/arm-none-eabi/4.5.2/../../../../arm-none-eabi/lib\libc.a(lib_a-mprec.o)
                0x0c005b40                _Balloc
                0x0c005bc8                _Bfree
                0x0c005be4                __multadd
                0x0c005cc0                __s2b
                0x0c005dac                __hi0bits
                0x0c005dfc                __lo0bits
                0x0c005e8c                __i2b
                0x0c005eb0                __multiply
                0x0c006098                __pow5mult
                0x0c00618c                __lshift
                0x0c006290                __mcmp
                0x0c0062f0                __mdiff
                0x0c006448                __ulp
                0x0c0064a8                __b2d
                0x0c00656c                __d2b
                0x0c006674                __ratio
                0x0c0066ec                _mprec_log10
                0x0c006740                __copybits
                0x0c0067b4                __any_on
 .text          0x0c00683c       0x8c c:/software/electronica/arm/eclipsearm/sourcery-g++-lite-arm-2011.03/bin/../lib/gcc/arm-none-eabi/4.5.2/../../../../arm-none-eabi/lib\libc.a(lib_a-s_fpclassify.o)
                0x0c00683c                __fpclassifyd
 .text          0x0c0068c8       0x40 c:/software/electronica/arm/eclipsearm/sourcery-g++-lite-arm-2011.03/bin/../lib/gcc/arm-none-eabi/4.5.2/../../../../arm-none-eabi/lib\libc.a(lib_a-sbrkr.o)
                0x0c0068c8                _sbrk_r
 .text          0x0c006908      0x230 c:/software/electronica/arm/eclipsearm/sourcery-g++-lite-arm-2011.03/bin/../lib/gcc/arm-none-eabi/4.5.2/../../../../arm-none-eabi/lib\libc.a(lib_a-strcmp.o)
                0x0c006908                strcmp
 .text          0x0c006b38       0x60 c:/software/electronica/arm/eclipsearm/sourcery-g++-lite-arm-2011.03/bin/../lib/gcc/arm-none-eabi/4.5.2/../../../../arm-none-eabi/lib\libc.a(lib_a-strlen.o)
                0x0c006b38                strlen
 .text          0x0c006b98     0x1238 c:/software/electronica/arm/eclipsearm/sourcery-g++-lite-arm-2011.03/bin/../lib/gcc/arm-none-eabi/4.5.2/../../../../arm-none-eabi/lib\libc.a(lib_a-svfiprintf.o)
                0x0c006b98                __ssprint_r
                0x0c006d34                _svfiprintf_r
 .text          0x0c007dd0       0x9c c:/software/electronica/arm/eclipsearm/sourcery-g++-lite-arm-2011.03/bin/../lib/gcc/arm-none-eabi/4.5.2/../../../../arm-none-eabi/lib\libc.a(lib_a-callocr.o)
                0x0c007dd0                _calloc_r
 .text          0x0c007e6c      0x360 c:/software/electronica/arm/eclipsearm/sourcery-g++-lite-arm-2011.03/bin/../lib/gcc/arm-none-eabi/4.5.2/../../../../arm-none-eabi/lib\libc.a(lib_a-freer.o)
                0x0c007e6c                _malloc_trim_r
                0x0c007f68                _free_r
 .text          0x0c0081cc      0x128 c:/software/electronica/arm/eclipsearm/sourcery-g++-lite-arm-2011.03/bin/../lib/gcc/arm-none-eabi/4.5.2/../../../../arm-none-eabi/lib\libc.a(lib_a-memmove.o)
                0x0c0081cc                memmove
 .text          0x0c0082f4      0x100 c:/software/electronica/arm/eclipsearm/sourcery-g++-lite-arm-2011.03/bin/../lib/gcc/arm-none-eabi/4.5.2/../../../../arm-none-eabi/lib\libc.a(lib_a-memset.o)
                0x0c0082f4                memset
 .text          0x0c0083f4      0x5c0 c:/software/electronica/arm/eclipsearm/sourcery-g++-lite-arm-2011.03/bin/../lib/gcc/arm-none-eabi/4.5.2/../../../../arm-none-eabi/lib\libc.a(lib_a-reallocr.o)
                0x0c0083f4                _realloc_r
 .text          0x0c0089b4      0x1ac c:/software/electronica/arm/eclipsearm/sourcery-g++-lite-arm-2011.03/bin/../lib/gcc/arm-none-eabi/4.5.2/../../../../arm-none-eabi/lib\libc.a(lib_a-reent.o)
                0x0c0089b4                cleanup_glue
                0x0c0089e0                _reclaim_reent
                0x0c008ae8                _wrapup_reent
 .text          0x0c008b60      0x114 c:/software/electronica/arm/eclipsearm/sourcery-g++-lite-arm-2011.03/bin/../lib/gcc/arm-none-eabi/4.5.2\libgcc.a(_udivsi3.o)
                0x0c008b60                __aeabi_uidiv
                0x0c008b60                __udivsi3
                0x0c008c54                __aeabi_uidivmod
 .text          0x0c008c74      0x148 c:/software/electronica/arm/eclipsearm/sourcery-g++-lite-arm-2011.03/bin/../lib/gcc/arm-none-eabi/4.5.2\libgcc.a(_divsi3.o)
                0x0c008c74                __divsi3
                0x0c008c74                __aeabi_idiv
                0x0c008d9c                __aeabi_idivmod
 .text          0x0c008dbc        0x4 c:/software/electronica/arm/eclipsearm/sourcery-g++-lite-arm-2011.03/bin/../lib/gcc/arm-none-eabi/4.5.2\libgcc.a(_dvmd_tls.o)
                0x0c008dbc                __aeabi_idiv0
                0x0c008dbc                __aeabi_ldiv0
 .text          0x0c008dc0      0x41c c:/software/electronica/arm/eclipsearm/sourcery-g++-lite-arm-2011.03/bin/../lib/gcc/arm-none-eabi/4.5.2\libgcc.a(_arm_addsubdf3.o)
                0x0c008dc0                __aeabi_drsub
                0x0c008dc8                __aeabi_dsub
                0x0c008dc8                __subdf3
                0x0c008dcc                __aeabi_dadd
                0x0c008dcc                __adddf3
                0x0c0090dc                __floatunsidf
                0x0c0090dc                __aeabi_ui2d
                0x0c009100                __floatsidf
                0x0c009100                __aeabi_i2d
                0x0c009128                __aeabi_f2d
                0x0c009128                __extendsfdf2
                0x0c009168                __floatundidf
                0x0c009168                __aeabi_ul2d
                0x0c00917c                __floatdidf
                0x0c00917c                __aeabi_l2d
 .text          0x0c0091dc      0x49c c:/software/electronica/arm/eclipsearm/sourcery-g++-lite-arm-2011.03/bin/../lib/gcc/arm-none-eabi/4.5.2\libgcc.a(_arm_muldivdf3.o)
                0x0c0091dc                __aeabi_dmul
                0x0c0091dc                __muldf3
                0x0c00946c                __divdf3
                0x0c00946c                __aeabi_ddiv
 .text          0x0c009678      0x144 c:/software/electronica/arm/eclipsearm/sourcery-g++-lite-arm-2011.03/bin/../lib/gcc/arm-none-eabi/4.5.2\libgcc.a(_arm_cmpdf2.o)
                0x0c009678                __gtdf2
                0x0c009678                __gedf2
                0x0c009680                __ltdf2
                0x0c009680                __ledf2
                0x0c009688                __nedf2
                0x0c009688                __eqdf2
                0x0c009688                __cmpdf2
                0x0c009710                __aeabi_cdrcmple
                0x0c00972c                __aeabi_cdcmpeq
                0x0c00972c                __aeabi_cdcmple
                0x0c009744                __aeabi_dcmpeq
                0x0c00975c                __aeabi_dcmplt
                0x0c009774                __aeabi_dcmple
                0x0c00978c                __aeabi_dcmpge
                0x0c0097a4                __aeabi_dcmpgt
 .text          0x0c0097bc       0x5c c:/software/electronica/arm/eclipsearm/sourcery-g++-lite-arm-2011.03/bin/../lib/gcc/arm-none-eabi/4.5.2\libgcc.a(_arm_fixdfsi.o)
                0x0c0097bc                __aeabi_d2iz
                0x0c0097bc                __fixdfsi
 .text          0x0c009818       0x3c c:/software/electronica/arm/eclipsearm/sourcery-g++-lite-arm-2011.03/bin/../lib/gcc/arm-none-eabi/4.5.2\libgcc.a(_aeabi_uldivmod.o)
                0x0c009818                __aeabi_uldivmod
 .text          0x0c009854       0x80 c:/software/electronica/arm/eclipsearm/sourcery-g++-lite-arm-2011.03/bin/../lib/gcc/arm-none-eabi/4.5.2\libgcc.a(bpabi.o)
                0x0c009854                __gnu_ldivmod_helper
                0x0c009894                __gnu_uldivmod_helper
 .text          0x0c0098d4      0x4a8 c:/software/electronica/arm/eclipsearm/sourcery-g++-lite-arm-2011.03/bin/../lib/gcc/arm-none-eabi/4.5.2\libgcc.a(_divdi3.o)
                0x0c0098d4                __divdi3
 .text          0x0c009d7c      0x434 c:/software/electronica/arm/eclipsearm/sourcery-g++-lite-arm-2011.03/bin/../lib/gcc/arm-none-eabi/4.5.2\libgcc.a(_udivdi3.o)
                0x0c009d7c                __udivdi3
 .text          0x0c00a1b0       0x48 c:/software/electronica/arm/eclipsearm/sourcery-g++-lite-arm-2011.03/bin/../lib/gcc/arm-none-eabi/4.5.2\libgcc.a(_clzsi2.o)
                0x0c00a1b0                __clzsi2
 .text          0x0c00a1f8       0x2c c:/software/electronica/arm/eclipsearm/sourcery-g++-lite-arm-2011.03/bin/../lib/gcc/arm-none-eabi/4.5.2/../../../../arm-none-eabi/lib\libnosys.a(sbrk.o)
                0x0c00a1f8                _sbrk
                0x0c00a224                Image_RO_Limit = .
                0x0c00a224                Image_RW_Base = .

.glue_7         0x0c00a224        0x0
 .glue_7        0x00000000        0x0 linker stubs

.glue_7t        0x0c00a224        0x0
 .glue_7t       0x00000000        0x0 linker stubs

.vfp11_veneer   0x0c00a224        0x0
 .vfp11_veneer  0x00000000        0x0 linker stubs

.v4_bx          0x0c00a224        0x0
 .v4_bx         0x00000000        0x0 linker stubs

.data           0x0c00a228      0x954
 *(.data)
 .data          0x0c00a228        0x6 ./commonUart/44binit.o
                0x0c00a228                BDRAMTYPE
 *fill*         0x0c00a22e        0x2 00
 .data          0x0c00a230        0xc ./commonUart/44blib.o
                0x0c00a230                mallocPt
                0x0c00a234                run
 .data          0x0c00a23c       0x40 ./8led.o
                0x0c00a23c                Symbol
 .data          0x0c00a27c        0x0 ./button.o
 .data          0x0c00a27c        0x4 ./keyboard.o
                0x0c00a27c                keyboard_base
 .data          0x0c00a280        0x0 ./led.o
 .data          0x0c00a280       0x40 ./main.o
                0x0c00a280                str_send
                0x0c00a28c                str_error
 .data          0x0c00a2c0        0x0 ./uart.o
 .data          0x0c00a2c0        0x0 c:/software/electronica/arm/eclipsearm/sourcery-g++-lite-arm-2011.03/bin/../lib/gcc/arm-none-eabi/4.5.2/../../../../arm-none-eabi/lib\libc.a(lib_a-vsprintf.o)
 .data          0x0c00a2c0      0x430 c:/software/electronica/arm/eclipsearm/sourcery-g++-lite-arm-2011.03/bin/../lib/gcc/arm-none-eabi/4.5.2/../../../../arm-none-eabi/lib\libc.a(lib_a-impure.o)
                0x0c00a2c0                _impure_ptr
 .data          0x0c00a6f0        0x0 c:/software/electronica/arm/eclipsearm/sourcery-g++-lite-arm-2011.03/bin/../lib/gcc/arm-none-eabi/4.5.2/../../../../arm-none-eabi/lib\libc.a(lib_a-svfprintf.o)
 .data          0x0c00a6f0        0x0 c:/software/electronica/arm/eclipsearm/sourcery-g++-lite-arm-2011.03/bin/../lib/gcc/arm-none-eabi/4.5.2/../../../../arm-none-eabi/lib\libc.a(lib_a-dtoa.o)
 .data          0x0c00a6f0       0x7c c:/software/electronica/arm/eclipsearm/sourcery-g++-lite-arm-2011.03/bin/../lib/gcc/arm-none-eabi/4.5.2/../../../../arm-none-eabi/lib\libc.a(lib_a-locale.o)
                0x0c00a710                __mb_cur_max
 .data          0x0c00a76c      0x410 c:/software/electronica/arm/eclipsearm/sourcery-g++-lite-arm-2011.03/bin/../lib/gcc/arm-none-eabi/4.5.2/../../../../arm-none-eabi/lib\libc.a(lib_a-mallocr.o)
                0x0c00a76c                __malloc_av_
                0x0c00ab74                __malloc_sbrk_base
                0x0c00ab78                __malloc_trim_threshold
 .data          0x0c00ab7c        0x0 c:/software/electronica/arm/eclipsearm/sourcery-g++-lite-arm-2011.03/bin/../lib/gcc/arm-none-eabi/4.5.2/../../../../arm-none-eabi/lib\libc.a(lib_a-memchr.o)
 .data          0x0c00ab7c        0x0 c:/software/electronica/arm/eclipsearm/sourcery-g++-lite-arm-2011.03/bin/../lib/gcc/arm-none-eabi/4.5.2/../../../../arm-none-eabi/lib\libc.a(lib_a-memcpy.o)
 .data          0x0c00ab7c        0x0 c:/software/electronica/arm/eclipsearm/sourcery-g++-lite-arm-2011.03/bin/../lib/gcc/arm-none-eabi/4.5.2/../../../../arm-none-eabi/lib\libc.a(lib_a-mlock.o)
 .data          0x0c00ab7c        0x0 c:/software/electronica/arm/eclipsearm/sourcery-g++-lite-arm-2011.03/bin/../lib/gcc/arm-none-eabi/4.5.2/../../../../arm-none-eabi/lib\libc.a(lib_a-mprec.o)
 .data          0x0c00ab7c        0x0 c:/software/electronica/arm/eclipsearm/sourcery-g++-lite-arm-2011.03/bin/../lib/gcc/arm-none-eabi/4.5.2/../../../../arm-none-eabi/lib\libc.a(lib_a-s_fpclassify.o)
 .data          0x0c00ab7c        0x0 c:/software/electronica/arm/eclipsearm/sourcery-g++-lite-arm-2011.03/bin/../lib/gcc/arm-none-eabi/4.5.2/../../../../arm-none-eabi/lib\libc.a(lib_a-sbrkr.o)
 .data          0x0c00ab7c        0x0 c:/software/electronica/arm/eclipsearm/sourcery-g++-lite-arm-2011.03/bin/../lib/gcc/arm-none-eabi/4.5.2/../../../../arm-none-eabi/lib\libc.a(lib_a-strcmp.o)
 .data          0x0c00ab7c        0x0 c:/software/electronica/arm/eclipsearm/sourcery-g++-lite-arm-2011.03/bin/../lib/gcc/arm-none-eabi/4.5.2/../../../../arm-none-eabi/lib\libc.a(lib_a-strlen.o)
 .data          0x0c00ab7c        0x0 c:/software/electronica/arm/eclipsearm/sourcery-g++-lite-arm-2011.03/bin/../lib/gcc/arm-none-eabi/4.5.2/../../../../arm-none-eabi/lib\libc.a(lib_a-svfiprintf.o)
 .data          0x0c00ab7c        0x0 c:/software/electronica/arm/eclipsearm/sourcery-g++-lite-arm-2011.03/bin/../lib/gcc/arm-none-eabi/4.5.2/../../../../arm-none-eabi/lib\libc.a(lib_a-callocr.o)
 .data          0x0c00ab7c        0x0 c:/software/electronica/arm/eclipsearm/sourcery-g++-lite-arm-2011.03/bin/../lib/gcc/arm-none-eabi/4.5.2/../../../../arm-none-eabi/lib\libc.a(lib_a-freer.o)
 .data          0x0c00ab7c        0x0 c:/software/electronica/arm/eclipsearm/sourcery-g++-lite-arm-2011.03/bin/../lib/gcc/arm-none-eabi/4.5.2/../../../../arm-none-eabi/lib\libc.a(lib_a-memmove.o)
 .data          0x0c00ab7c        0x0 c:/software/electronica/arm/eclipsearm/sourcery-g++-lite-arm-2011.03/bin/../lib/gcc/arm-none-eabi/4.5.2/../../../../arm-none-eabi/lib\libc.a(lib_a-memset.o)
 .data          0x0c00ab7c        0x0 c:/software/electronica/arm/eclipsearm/sourcery-g++-lite-arm-2011.03/bin/../lib/gcc/arm-none-eabi/4.5.2/../../../../arm-none-eabi/lib\libc.a(lib_a-reallocr.o)
 .data          0x0c00ab7c        0x0 c:/software/electronica/arm/eclipsearm/sourcery-g++-lite-arm-2011.03/bin/../lib/gcc/arm-none-eabi/4.5.2/../../../../arm-none-eabi/lib\libc.a(lib_a-reent.o)
 .data          0x0c00ab7c        0x0 c:/software/electronica/arm/eclipsearm/sourcery-g++-lite-arm-2011.03/bin/../lib/gcc/arm-none-eabi/4.5.2\libgcc.a(_udivsi3.o)
 .data          0x0c00ab7c        0x0 c:/software/electronica/arm/eclipsearm/sourcery-g++-lite-arm-2011.03/bin/../lib/gcc/arm-none-eabi/4.5.2\libgcc.a(_divsi3.o)
 .data          0x0c00ab7c        0x0 c:/software/electronica/arm/eclipsearm/sourcery-g++-lite-arm-2011.03/bin/../lib/gcc/arm-none-eabi/4.5.2\libgcc.a(_dvmd_tls.o)
 .data          0x0c00ab7c        0x0 c:/software/electronica/arm/eclipsearm/sourcery-g++-lite-arm-2011.03/bin/../lib/gcc/arm-none-eabi/4.5.2\libgcc.a(_arm_addsubdf3.o)
 .data          0x0c00ab7c        0x0 c:/software/electronica/arm/eclipsearm/sourcery-g++-lite-arm-2011.03/bin/../lib/gcc/arm-none-eabi/4.5.2\libgcc.a(_arm_muldivdf3.o)
 .data          0x0c00ab7c        0x0 c:/software/electronica/arm/eclipsearm/sourcery-g++-lite-arm-2011.03/bin/../lib/gcc/arm-none-eabi/4.5.2\libgcc.a(_arm_cmpdf2.o)
 .data          0x0c00ab7c        0x0 c:/software/electronica/arm/eclipsearm/sourcery-g++-lite-arm-2011.03/bin/../lib/gcc/arm-none-eabi/4.5.2\libgcc.a(_arm_fixdfsi.o)
 .data          0x0c00ab7c        0x0 c:/software/electronica/arm/eclipsearm/sourcery-g++-lite-arm-2011.03/bin/../lib/gcc/arm-none-eabi/4.5.2\libgcc.a(_aeabi_uldivmod.o)
 .data          0x0c00ab7c        0x0 c:/software/electronica/arm/eclipsearm/sourcery-g++-lite-arm-2011.03/bin/../lib/gcc/arm-none-eabi/4.5.2\libgcc.a(bpabi.o)
 .data          0x0c00ab7c        0x0 c:/software/electronica/arm/eclipsearm/sourcery-g++-lite-arm-2011.03/bin/../lib/gcc/arm-none-eabi/4.5.2\libgcc.a(_divdi3.o)
 .data          0x0c00ab7c        0x0 c:/software/electronica/arm/eclipsearm/sourcery-g++-lite-arm-2011.03/bin/../lib/gcc/arm-none-eabi/4.5.2\libgcc.a(_udivdi3.o)
 .data          0x0c00ab7c        0x0 c:/software/electronica/arm/eclipsearm/sourcery-g++-lite-arm-2011.03/bin/../lib/gcc/arm-none-eabi/4.5.2\libgcc.a(_clzsi2.o)
 .data          0x0c00ab7c        0x0 c:/software/electronica/arm/eclipsearm/sourcery-g++-lite-arm-2011.03/bin/../lib/gcc/arm-none-eabi/4.5.2/../../../../arm-none-eabi/lib\libnosys.a(sbrk.o)

.rodata         0x0c00ab80      0x180
 *(.rodata)
 .rodata        0x0c00ab80       0x10 ./keyboard.o
 .rodata        0x0c00ab90        0x4 c:/software/electronica/arm/eclipsearm/sourcery-g++-lite-arm-2011.03/bin/../lib/gcc/arm-none-eabi/4.5.2/../../../../arm-none-eabi/lib\libc.a(lib_a-impure.o)
                0x0c00ab90                _global_impure_ptr
 .rodata        0x0c00ab94       0x20 c:/software/electronica/arm/eclipsearm/sourcery-g++-lite-arm-2011.03/bin/../lib/gcc/arm-none-eabi/4.5.2/../../../../arm-none-eabi/lib\libc.a(lib_a-svfprintf.o)
 *fill*         0x0c00abb4        0x4 00
 .rodata        0x0c00abb8      0x128 c:/software/electronica/arm/eclipsearm/sourcery-g++-lite-arm-2011.03/bin/../lib/gcc/arm-none-eabi/4.5.2/../../../../arm-none-eabi/lib\libc.a(lib_a-mprec.o)
                0x0c00abc8                __mprec_tens
                0x0c00ac90                __mprec_bigtens
                0x0c00acb8                __mprec_tinytens
 .rodata        0x0c00ace0       0x20 c:/software/electronica/arm/eclipsearm/sourcery-g++-lite-arm-2011.03/bin/../lib/gcc/arm-none-eabi/4.5.2/../../../../arm-none-eabi/lib\libc.a(lib_a-svfiprintf.o)
                0x0c00ad00                Image_RW_Limit = .
                0x0c00ad00                Image_ZI_Base = .

.rodata.str1.4  0x0c00ad00       0x64
 .rodata.str1.4
                0x0c00ad00        0x2 c:/software/electronica/arm/eclipsearm/sourcery-g++-lite-arm-2011.03/bin/../lib/gcc/arm-none-eabi/4.5.2/../../../../arm-none-eabi/lib\libc.a(lib_a-impure.o)
                                  0x4 (size before relaxing)
 *fill*         0x0c00ad02        0x2 00
 .rodata.str1.4
                0x0c00ad04       0x42 c:/software/electronica/arm/eclipsearm/sourcery-g++-lite-arm-2011.03/bin/../lib/gcc/arm-none-eabi/4.5.2/../../../../arm-none-eabi/lib\libc.a(lib_a-svfprintf.o)
                                 0x44 (size before relaxing)
 *fill*         0x0c00ad46        0x2 00
 .rodata.str1.4
                0x0c00ad48       0x10 c:/software/electronica/arm/eclipsearm/sourcery-g++-lite-arm-2011.03/bin/../lib/gcc/arm-none-eabi/4.5.2/../../../../arm-none-eabi/lib\libc.a(lib_a-dtoa.o)
                                 0x14 (size before relaxing)
 .rodata.str1.4
                0x0c00ad58        0xc c:/software/electronica/arm/eclipsearm/sourcery-g++-lite-arm-2011.03/bin/../lib/gcc/arm-none-eabi/4.5.2/../../../../arm-none-eabi/lib\libc.a(lib_a-locale.o)
                                 0x14 (size before relaxing)
 .rodata.str1.4
                0x00000000       0x30 c:/software/electronica/arm/eclipsearm/sourcery-g++-lite-arm-2011.03/bin/../lib/gcc/arm-none-eabi/4.5.2/../../../../arm-none-eabi/lib\libc.a(lib_a-svfiprintf.o)

.ARM.extab      0x0c00ad64        0x0
 .ARM.extab     0x0c00ad64        0x0 c:/software/electronica/arm/eclipsearm/sourcery-g++-lite-arm-2011.03/bin/../lib/gcc/arm-none-eabi/4.5.2\libgcc.a(_divdi3.o)
 .ARM.extab     0x0c00ad64        0x0 c:/software/electronica/arm/eclipsearm/sourcery-g++-lite-arm-2011.03/bin/../lib/gcc/arm-none-eabi/4.5.2\libgcc.a(_udivdi3.o)

.ARM.exidx      0x0c00ad64        0x8
 .ARM.exidx     0x0c00ad64        0x8 c:/software/electronica/arm/eclipsearm/sourcery-g++-lite-arm-2011.03/bin/../lib/gcc/arm-none-eabi/4.5.2\libgcc.a(_divdi3.o)
 .ARM.exidx     0x0c00ad6c        0x0 c:/software/electronica/arm/eclipsearm/sourcery-g++-lite-arm-2011.03/bin/../lib/gcc/arm-none-eabi/4.5.2\libgcc.a(_udivdi3.o)
                                  0x8 (size before relaxing)

.bss            0x0c00ad6c      0x15c
 *(.bss)
 .bss           0x0c00ad6c        0x0 ./commonUart/44binit.o
 .bss           0x0c00ad6c        0x4 ./commonUart/44blib.o
                0x0c00ad6c                restart
 .bss           0x0c00ad70        0x0 ./8led.o
 .bss           0x0c00ad70        0x0 ./button.o
 .bss           0x0c00ad70        0x0 ./keyboard.o
 .bss           0x0c00ad70        0x0 ./led.o
 .bss           0x0c00ad70        0x0 ./main.o
 .bss           0x0c00ad70        0x0 ./uart.o
 .bss           0x0c00ad70        0x0 c:/software/electronica/arm/eclipsearm/sourcery-g++-lite-arm-2011.03/bin/../lib/gcc/arm-none-eabi/4.5.2/../../../../arm-none-eabi/lib\libc.a(lib_a-vsprintf.o)
 .bss           0x0c00ad70        0x0 c:/software/electronica/arm/eclipsearm/sourcery-g++-lite-arm-2011.03/bin/../lib/gcc/arm-none-eabi/4.5.2/../../../../arm-none-eabi/lib\libc.a(lib_a-impure.o)
 .bss           0x0c00ad70        0x0 c:/software/electronica/arm/eclipsearm/sourcery-g++-lite-arm-2011.03/bin/../lib/gcc/arm-none-eabi/4.5.2/../../../../arm-none-eabi/lib\libc.a(lib_a-svfprintf.o)
 .bss           0x0c00ad70        0x0 c:/software/electronica/arm/eclipsearm/sourcery-g++-lite-arm-2011.03/bin/../lib/gcc/arm-none-eabi/4.5.2/../../../../arm-none-eabi/lib\libc.a(lib_a-dtoa.o)
 .bss           0x0c00ad70        0xc c:/software/electronica/arm/eclipsearm/sourcery-g++-lite-arm-2011.03/bin/../lib/gcc/arm-none-eabi/4.5.2/../../../../arm-none-eabi/lib\libc.a(lib_a-locale.o)
                0x0c00ad70                __nlocale_changed
                0x0c00ad74                __mlocale_changed
                0x0c00ad78                _PathLocale
 .bss           0x0c00ad7c       0x34 c:/software/electronica/arm/eclipsearm/sourcery-g++-lite-arm-2011.03/bin/../lib/gcc/arm-none-eabi/4.5.2/../../../../arm-none-eabi/lib\libc.a(lib_a-mallocr.o)
                0x0c00ad7c                __malloc_top_pad
                0x0c00ad80                __malloc_current_mallinfo
                0x0c00ada8                __malloc_max_sbrked_mem
                0x0c00adac                __malloc_max_total_mem
 .bss           0x0c00adb0        0x0 c:/software/electronica/arm/eclipsearm/sourcery-g++-lite-arm-2011.03/bin/../lib/gcc/arm-none-eabi/4.5.2/../../../../arm-none-eabi/lib\libc.a(lib_a-memchr.o)
 .bss           0x0c00adb0        0x0 c:/software/electronica/arm/eclipsearm/sourcery-g++-lite-arm-2011.03/bin/../lib/gcc/arm-none-eabi/4.5.2/../../../../arm-none-eabi/lib\libc.a(lib_a-memcpy.o)
 .bss           0x0c00adb0        0x0 c:/software/electronica/arm/eclipsearm/sourcery-g++-lite-arm-2011.03/bin/../lib/gcc/arm-none-eabi/4.5.2/../../../../arm-none-eabi/lib\libc.a(lib_a-mlock.o)
 .bss           0x0c00adb0        0x0 c:/software/electronica/arm/eclipsearm/sourcery-g++-lite-arm-2011.03/bin/../lib/gcc/arm-none-eabi/4.5.2/../../../../arm-none-eabi/lib\libc.a(lib_a-mprec.o)
 .bss           0x0c00adb0        0x0 c:/software/electronica/arm/eclipsearm/sourcery-g++-lite-arm-2011.03/bin/../lib/gcc/arm-none-eabi/4.5.2/../../../../arm-none-eabi/lib\libc.a(lib_a-s_fpclassify.o)
 .bss           0x0c00adb0        0x0 c:/software/electronica/arm/eclipsearm/sourcery-g++-lite-arm-2011.03/bin/../lib/gcc/arm-none-eabi/4.5.2/../../../../arm-none-eabi/lib\libc.a(lib_a-sbrkr.o)
 .bss           0x0c00adb0        0x0 c:/software/electronica/arm/eclipsearm/sourcery-g++-lite-arm-2011.03/bin/../lib/gcc/arm-none-eabi/4.5.2/../../../../arm-none-eabi/lib\libc.a(lib_a-strcmp.o)
 .bss           0x0c00adb0        0x0 c:/software/electronica/arm/eclipsearm/sourcery-g++-lite-arm-2011.03/bin/../lib/gcc/arm-none-eabi/4.5.2/../../../../arm-none-eabi/lib\libc.a(lib_a-strlen.o)
 .bss           0x0c00adb0        0x0 c:/software/electronica/arm/eclipsearm/sourcery-g++-lite-arm-2011.03/bin/../lib/gcc/arm-none-eabi/4.5.2/../../../../arm-none-eabi/lib\libc.a(lib_a-svfiprintf.o)
 .bss           0x0c00adb0        0x0 c:/software/electronica/arm/eclipsearm/sourcery-g++-lite-arm-2011.03/bin/../lib/gcc/arm-none-eabi/4.5.2/../../../../arm-none-eabi/lib\libc.a(lib_a-callocr.o)
 .bss           0x0c00adb0        0x0 c:/software/electronica/arm/eclipsearm/sourcery-g++-lite-arm-2011.03/bin/../lib/gcc/arm-none-eabi/4.5.2/../../../../arm-none-eabi/lib\libc.a(lib_a-freer.o)
 .bss           0x0c00adb0        0x0 c:/software/electronica/arm/eclipsearm/sourcery-g++-lite-arm-2011.03/bin/../lib/gcc/arm-none-eabi/4.5.2/../../../../arm-none-eabi/lib\libc.a(lib_a-memmove.o)
 .bss           0x0c00adb0        0x0 c:/software/electronica/arm/eclipsearm/sourcery-g++-lite-arm-2011.03/bin/../lib/gcc/arm-none-eabi/4.5.2/../../../../arm-none-eabi/lib\libc.a(lib_a-memset.o)
 .bss           0x0c00adb0        0x0 c:/software/electronica/arm/eclipsearm/sourcery-g++-lite-arm-2011.03/bin/../lib/gcc/arm-none-eabi/4.5.2/../../../../arm-none-eabi/lib\libc.a(lib_a-reallocr.o)
 .bss           0x0c00adb0        0x0 c:/software/electronica/arm/eclipsearm/sourcery-g++-lite-arm-2011.03/bin/../lib/gcc/arm-none-eabi/4.5.2/../../../../arm-none-eabi/lib\libc.a(lib_a-reent.o)
 .bss           0x0c00adb0        0x0 c:/software/electronica/arm/eclipsearm/sourcery-g++-lite-arm-2011.03/bin/../lib/gcc/arm-none-eabi/4.5.2\libgcc.a(_udivsi3.o)
 .bss           0x0c00adb0        0x0 c:/software/electronica/arm/eclipsearm/sourcery-g++-lite-arm-2011.03/bin/../lib/gcc/arm-none-eabi/4.5.2\libgcc.a(_divsi3.o)
 .bss           0x0c00adb0        0x0 c:/software/electronica/arm/eclipsearm/sourcery-g++-lite-arm-2011.03/bin/../lib/gcc/arm-none-eabi/4.5.2\libgcc.a(_dvmd_tls.o)
 .bss           0x0c00adb0        0x0 c:/software/electronica/arm/eclipsearm/sourcery-g++-lite-arm-2011.03/bin/../lib/gcc/arm-none-eabi/4.5.2\libgcc.a(_arm_addsubdf3.o)
 .bss           0x0c00adb0        0x0 c:/software/electronica/arm/eclipsearm/sourcery-g++-lite-arm-2011.03/bin/../lib/gcc/arm-none-eabi/4.5.2\libgcc.a(_arm_muldivdf3.o)
 .bss           0x0c00adb0        0x0 c:/software/electronica/arm/eclipsearm/sourcery-g++-lite-arm-2011.03/bin/../lib/gcc/arm-none-eabi/4.5.2\libgcc.a(_arm_cmpdf2.o)
 .bss           0x0c00adb0        0x0 c:/software/electronica/arm/eclipsearm/sourcery-g++-lite-arm-2011.03/bin/../lib/gcc/arm-none-eabi/4.5.2\libgcc.a(_arm_fixdfsi.o)
 .bss           0x0c00adb0        0x0 c:/software/electronica/arm/eclipsearm/sourcery-g++-lite-arm-2011.03/bin/../lib/gcc/arm-none-eabi/4.5.2\libgcc.a(_aeabi_uldivmod.o)
 .bss           0x0c00adb0        0x0 c:/software/electronica/arm/eclipsearm/sourcery-g++-lite-arm-2011.03/bin/../lib/gcc/arm-none-eabi/4.5.2\libgcc.a(bpabi.o)
 .bss           0x0c00adb0        0x0 c:/software/electronica/arm/eclipsearm/sourcery-g++-lite-arm-2011.03/bin/../lib/gcc/arm-none-eabi/4.5.2\libgcc.a(_divdi3.o)
 .bss           0x0c00adb0        0x0 c:/software/electronica/arm/eclipsearm/sourcery-g++-lite-arm-2011.03/bin/../lib/gcc/arm-none-eabi/4.5.2\libgcc.a(_udivdi3.o)
 .bss           0x0c00adb0        0x0 c:/software/electronica/arm/eclipsearm/sourcery-g++-lite-arm-2011.03/bin/../lib/gcc/arm-none-eabi/4.5.2\libgcc.a(_clzsi2.o)
 .bss           0x0c00adb0        0x4 c:/software/electronica/arm/eclipsearm/sourcery-g++-lite-arm-2011.03/bin/../lib/gcc/arm-none-eabi/4.5.2/../../../../arm-none-eabi/lib\libnosys.a(sbrk.o)
 COMMON         0x0c00adb4        0x8 ./commonUart/44blib.o
                0x0c00adb4                fileSize
                0x0c00adb8                downPt
 COMMON         0x0c00adbc        0x4 ./keyboard.o
                0x0c00adbc                key
 COMMON         0x0c00adc0        0x4 ./led.o
                0x0c00adc0                led_state
 COMMON         0x0c00adc4      0x100 ./main.o
                0x0c00adc4                str
 COMMON         0x0c00aec4        0x4 c:/software/electronica/arm/eclipsearm/sourcery-g++-lite-arm-2011.03/bin/../lib/gcc/arm-none-eabi/4.5.2/../../../../arm-none-eabi/lib\libc.a(lib_a-reent.o)
                0x0c00aec4                errno
                0x0c00aec8                Image_ZI_Limit = .
                0x0c00aec8                __bss_start__ = .
                0x0c00aec8                __bss_end__ = .
                0x0c00aec8                __EH_FRAME_BEGIN__ = .
                0x0c00aec8                __EH_FRAME_END__ = .
                0x0c00aec8                PROVIDE (__stack, .)
                0x0c00aec8                end = .
                0x0c00aec8                _end = .

.ARM.attributes
                0x00000000       0x2c
 .ARM.attributes
                0x00000000       0x22 ./commonUart/44binit.o
 .ARM.attributes
                0x00000022       0x32 ./commonUart/44blib.o
 .ARM.attributes
                0x00000054       0x32 ./8led.o
 .ARM.attributes
                0x00000086       0x32 ./button.o
 .ARM.attributes
                0x000000b8       0x32 ./keyboard.o
 .ARM.attributes
                0x000000ea       0x32 ./led.o
 .ARM.attributes
                0x0000011c       0x32 ./main.o
 .ARM.attributes
                0x0000014e       0x32 ./uart.o
 .ARM.attributes
                0x00000180       0x34 c:/software/electronica/arm/eclipsearm/sourcery-g++-lite-arm-2011.03/bin/../lib/gcc/arm-none-eabi/4.5.2/../../../../arm-none-eabi/lib\libc.a(lib_a-vsprintf.o)
 .ARM.attributes
                0x000001b4       0x34 c:/software/electronica/arm/eclipsearm/sourcery-g++-lite-arm-2011.03/bin/../lib/gcc/arm-none-eabi/4.5.2/../../../../arm-none-eabi/lib\libc.a(lib_a-impure.o)
 .ARM.attributes
                0x000001e8       0x34 c:/software/electronica/arm/eclipsearm/sourcery-g++-lite-arm-2011.03/bin/../lib/gcc/arm-none-eabi/4.5.2/../../../../arm-none-eabi/lib\libc.a(lib_a-svfprintf.o)
 .ARM.attributes
                0x0000021c       0x34 c:/software/electronica/arm/eclipsearm/sourcery-g++-lite-arm-2011.03/bin/../lib/gcc/arm-none-eabi/4.5.2/../../../../arm-none-eabi/lib\libc.a(lib_a-dtoa.o)
 .ARM.attributes
                0x00000250       0x34 c:/software/electronica/arm/eclipsearm/sourcery-g++-lite-arm-2011.03/bin/../lib/gcc/arm-none-eabi/4.5.2/../../../../arm-none-eabi/lib\libc.a(lib_a-locale.o)
 .ARM.attributes
                0x00000284       0x34 c:/software/electronica/arm/eclipsearm/sourcery-g++-lite-arm-2011.03/bin/../lib/gcc/arm-none-eabi/4.5.2/../../../../arm-none-eabi/lib\libc.a(lib_a-mallocr.o)
 .ARM.attributes
                0x000002b8       0x34 c:/software/electronica/arm/eclipsearm/sourcery-g++-lite-arm-2011.03/bin/../lib/gcc/arm-none-eabi/4.5.2/../../../../arm-none-eabi/lib\libc.a(lib_a-memchr.o)
 .ARM.attributes
                0x000002ec       0x34 c:/software/electronica/arm/eclipsearm/sourcery-g++-lite-arm-2011.03/bin/../lib/gcc/arm-none-eabi/4.5.2/../../../../arm-none-eabi/lib\libc.a(lib_a-memcpy.o)
 .ARM.attributes
                0x00000320       0x34 c:/software/electronica/arm/eclipsearm/sourcery-g++-lite-arm-2011.03/bin/../lib/gcc/arm-none-eabi/4.5.2/../../../../arm-none-eabi/lib\libc.a(lib_a-mlock.o)
 .ARM.attributes
                0x00000354       0x34 c:/software/electronica/arm/eclipsearm/sourcery-g++-lite-arm-2011.03/bin/../lib/gcc/arm-none-eabi/4.5.2/../../../../arm-none-eabi/lib\libc.a(lib_a-mprec.o)
 .ARM.attributes
                0x00000388       0x34 c:/software/electronica/arm/eclipsearm/sourcery-g++-lite-arm-2011.03/bin/../lib/gcc/arm-none-eabi/4.5.2/../../../../arm-none-eabi/lib\libc.a(lib_a-s_fpclassify.o)
 .ARM.attributes
                0x000003bc       0x34 c:/software/electronica/arm/eclipsearm/sourcery-g++-lite-arm-2011.03/bin/../lib/gcc/arm-none-eabi/4.5.2/../../../../arm-none-eabi/lib\libc.a(lib_a-sbrkr.o)
 .ARM.attributes
                0x000003f0       0x34 c:/software/electronica/arm/eclipsearm/sourcery-g++-lite-arm-2011.03/bin/../lib/gcc/arm-none-eabi/4.5.2/../../../../arm-none-eabi/lib\libc.a(lib_a-strcmp.o)
 .ARM.attributes
                0x00000424       0x34 c:/software/electronica/arm/eclipsearm/sourcery-g++-lite-arm-2011.03/bin/../lib/gcc/arm-none-eabi/4.5.2/../../../../arm-none-eabi/lib\libc.a(lib_a-strlen.o)
 .ARM.attributes
                0x00000458       0x34 c:/software/electronica/arm/eclipsearm/sourcery-g++-lite-arm-2011.03/bin/../lib/gcc/arm-none-eabi/4.5.2/../../../../arm-none-eabi/lib\libc.a(lib_a-svfiprintf.o)
 .ARM.attributes
                0x0000048c       0x34 c:/software/electronica/arm/eclipsearm/sourcery-g++-lite-arm-2011.03/bin/../lib/gcc/arm-none-eabi/4.5.2/../../../../arm-none-eabi/lib\libc.a(lib_a-callocr.o)
 .ARM.attributes
                0x000004c0       0x34 c:/software/electronica/arm/eclipsearm/sourcery-g++-lite-arm-2011.03/bin/../lib/gcc/arm-none-eabi/4.5.2/../../../../arm-none-eabi/lib\libc.a(lib_a-freer.o)
 .ARM.attributes
                0x000004f4       0x34 c:/software/electronica/arm/eclipsearm/sourcery-g++-lite-arm-2011.03/bin/../lib/gcc/arm-none-eabi/4.5.2/../../../../arm-none-eabi/lib\libc.a(lib_a-memmove.o)
 .ARM.attributes
                0x00000528       0x34 c:/software/electronica/arm/eclipsearm/sourcery-g++-lite-arm-2011.03/bin/../lib/gcc/arm-none-eabi/4.5.2/../../../../arm-none-eabi/lib\libc.a(lib_a-memset.o)
 .ARM.attributes
                0x0000055c       0x34 c:/software/electronica/arm/eclipsearm/sourcery-g++-lite-arm-2011.03/bin/../lib/gcc/arm-none-eabi/4.5.2/../../../../arm-none-eabi/lib\libc.a(lib_a-reallocr.o)
 .ARM.attributes
                0x00000590       0x34 c:/software/electronica/arm/eclipsearm/sourcery-g++-lite-arm-2011.03/bin/../lib/gcc/arm-none-eabi/4.5.2/../../../../arm-none-eabi/lib\libc.a(lib_a-reent.o)
 .ARM.attributes
                0x000005c4       0x1a c:/software/electronica/arm/eclipsearm/sourcery-g++-lite-arm-2011.03/bin/../lib/gcc/arm-none-eabi/4.5.2\libgcc.a(_udivsi3.o)
 .ARM.attributes
                0x000005de       0x1a c:/software/electronica/arm/eclipsearm/sourcery-g++-lite-arm-2011.03/bin/../lib/gcc/arm-none-eabi/4.5.2\libgcc.a(_divsi3.o)
 .ARM.attributes
                0x000005f8       0x18 c:/software/electronica/arm/eclipsearm/sourcery-g++-lite-arm-2011.03/bin/../lib/gcc/arm-none-eabi/4.5.2\libgcc.a(_dvmd_tls.o)
 .ARM.attributes
                0x00000610       0x1a c:/software/electronica/arm/eclipsearm/sourcery-g++-lite-arm-2011.03/bin/../lib/gcc/arm-none-eabi/4.5.2\libgcc.a(_arm_addsubdf3.o)
 .ARM.attributes
                0x0000062a       0x1a c:/software/electronica/arm/eclipsearm/sourcery-g++-lite-arm-2011.03/bin/../lib/gcc/arm-none-eabi/4.5.2\libgcc.a(_arm_muldivdf3.o)
 .ARM.attributes
                0x00000644       0x1a c:/software/electronica/arm/eclipsearm/sourcery-g++-lite-arm-2011.03/bin/../lib/gcc/arm-none-eabi/4.5.2\libgcc.a(_arm_cmpdf2.o)
 .ARM.attributes
                0x0000065e       0x1a c:/software/electronica/arm/eclipsearm/sourcery-g++-lite-arm-2011.03/bin/../lib/gcc/arm-none-eabi/4.5.2\libgcc.a(_arm_fixdfsi.o)
 .ARM.attributes
                0x00000678       0x1a c:/software/electronica/arm/eclipsearm/sourcery-g++-lite-arm-2011.03/bin/../lib/gcc/arm-none-eabi/4.5.2\libgcc.a(_aeabi_uldivmod.o)
 .ARM.attributes
                0x00000692       0x34 c:/software/electronica/arm/eclipsearm/sourcery-g++-lite-arm-2011.03/bin/../lib/gcc/arm-none-eabi/4.5.2\libgcc.a(bpabi.o)
 .ARM.attributes
                0x000006c6       0x34 c:/software/electronica/arm/eclipsearm/sourcery-g++-lite-arm-2011.03/bin/../lib/gcc/arm-none-eabi/4.5.2\libgcc.a(_divdi3.o)
 .ARM.attributes
                0x000006fa       0x34 c:/software/electronica/arm/eclipsearm/sourcery-g++-lite-arm-2011.03/bin/../lib/gcc/arm-none-eabi/4.5.2\libgcc.a(_udivdi3.o)
 .ARM.attributes
                0x0000072e       0x1a c:/software/electronica/arm/eclipsearm/sourcery-g++-lite-arm-2011.03/bin/../lib/gcc/arm-none-eabi/4.5.2\libgcc.a(_clzsi2.o)
 .ARM.attributes
                0x00000748       0x30 c:/software/electronica/arm/eclipsearm/sourcery-g++-lite-arm-2011.03/bin/../lib/gcc/arm-none-eabi/4.5.2/../../../../arm-none-eabi/lib\libnosys.a(sbrk.o)

.comment        0x00000000       0x3b
 .comment       0x00000000       0x2a ./commonUart/44blib.o
                                 0x2b (size before relaxing)
 .comment       0x00000000       0x2b ./8led.o
 .comment       0x00000000       0x2b ./button.o
 .comment       0x00000000       0x2b ./keyboard.o
 .comment       0x00000000       0x2b ./led.o
 .comment       0x00000000       0x2b ./main.o
 .comment       0x00000000       0x2b ./uart.o
 .comment       0x0000002a       0x11 c:/software/electronica/arm/eclipsearm/sourcery-g++-lite-arm-2011.03/bin/../lib/gcc/arm-none-eabi/4.5.2/../../../../arm-none-eabi/lib\libnosys.a(sbrk.o)
                                 0x12 (size before relaxing)

.debug_info     0x00000000      0xb12
 *(.debug_info)
 .debug_info    0x00000000       0x6c ./commonUart/44binit.o
 .debug_info    0x0000006c      0x229 ./commonUart/44blib.o
 .debug_info    0x00000295       0xa4 ./8led.o
 .debug_info    0x00000339      0x10e ./button.o
 .debug_info    0x00000447      0x15f ./keyboard.o
 .debug_info    0x000005a6      0x104 ./led.o
 .debug_info    0x000006aa      0x1f0 ./main.o
 .debug_info    0x0000089a      0x1d8 ./uart.o
 .debug_info    0x00000a72       0xa0 c:/software/electronica/arm/eclipsearm/sourcery-g++-lite-arm-2011.03/bin/../lib/gcc/arm-none-eabi/4.5.2/../../../../arm-none-eabi/lib\libnosys.a(sbrk.o)

.debug_line     0x00000000      0xc79
 *(.debug_line)
 .debug_line    0x00000000      0x118 ./commonUart/44binit.o
 .debug_line    0x00000118      0x3d7 ./commonUart/44blib.o
 .debug_line    0x000004ef       0x8f ./8led.o
 .debug_line    0x0000057e       0xc0 ./button.o
 .debug_line    0x0000063e       0xc1 ./keyboard.o
 .debug_line    0x000006ff       0xa9 ./led.o
 .debug_line    0x000007a8       0xb3 ./main.o
 .debug_line    0x0000085b      0x3bb ./uart.o
 .debug_line    0x00000c16       0x63 c:/software/electronica/arm/eclipsearm/sourcery-g++-lite-arm-2011.03/bin/../lib/gcc/arm-none-eabi/4.5.2/../../../../arm-none-eabi/lib\libnosys.a(sbrk.o)

.debug_abbrev   0x00000000      0x68c
 *(.debug_abbrev)
 .debug_abbrev  0x00000000       0x14 ./commonUart/44binit.o
 .debug_abbrev  0x00000014      0x11f ./commonUart/44blib.o
 .debug_abbrev  0x00000133       0x9b ./8led.o
 .debug_abbrev  0x000001ce       0xc4 ./button.o
 .debug_abbrev  0x00000292       0xf6 ./keyboard.o
 .debug_abbrev  0x00000388       0x7c ./led.o
 .debug_abbrev  0x00000404      0x103 ./main.o
 .debug_abbrev  0x00000507      0x102 ./uart.o
 .debug_abbrev  0x00000609       0x83 c:/software/electronica/arm/eclipsearm/sourcery-g++-lite-arm-2011.03/bin/../lib/gcc/arm-none-eabi/4.5.2/../../../../arm-none-eabi/lib\libnosys.a(sbrk.o)

.debug_frame    0x00000000      0xd0c
 *(.debug_frame)
 .debug_frame   0x00000000       0xd0 ./commonUart/44blib.o
 .debug_frame   0x000000d0       0x50 ./8led.o
 .debug_frame   0x00000120       0xbc ./button.o
 .debug_frame   0x000001dc       0xbc ./keyboard.o
 .debug_frame   0x00000298      0x110 ./led.o
 .debug_frame   0x000003a8       0x50 ./main.o
 .debug_frame   0x000003f8      0x104 ./uart.o
 .debug_frame   0x000004fc       0x44 c:/software/electronica/arm/eclipsearm/sourcery-g++-lite-arm-2011.03/bin/../lib/gcc/arm-none-eabi/4.5.2/../../../../arm-none-eabi/lib\libc.a(lib_a-vsprintf.o)
 .debug_frame   0x00000540       0x3c c:/software/electronica/arm/eclipsearm/sourcery-g++-lite-arm-2011.03/bin/../lib/gcc/arm-none-eabi/4.5.2/../../../../arm-none-eabi/lib\libc.a(lib_a-svfprintf.o)
 .debug_frame   0x0000057c       0x64 c:/software/electronica/arm/eclipsearm/sourcery-g++-lite-arm-2011.03/bin/../lib/gcc/arm-none-eabi/4.5.2/../../../../arm-none-eabi/lib\libc.a(lib_a-dtoa.o)
 .debug_frame   0x000005e0       0x98 c:/software/electronica/arm/eclipsearm/sourcery-g++-lite-arm-2011.03/bin/../lib/gcc/arm-none-eabi/4.5.2/../../../../arm-none-eabi/lib\libc.a(lib_a-locale.o)
 .debug_frame   0x00000678       0x3c c:/software/electronica/arm/eclipsearm/sourcery-g++-lite-arm-2011.03/bin/../lib/gcc/arm-none-eabi/4.5.2/../../../../arm-none-eabi/lib\libc.a(lib_a-mallocr.o)
 .debug_frame   0x000006b4       0x2c c:/software/electronica/arm/eclipsearm/sourcery-g++-lite-arm-2011.03/bin/../lib/gcc/arm-none-eabi/4.5.2/../../../../arm-none-eabi/lib\libc.a(lib_a-memchr.o)
 .debug_frame   0x000006e0       0x30 c:/software/electronica/arm/eclipsearm/sourcery-g++-lite-arm-2011.03/bin/../lib/gcc/arm-none-eabi/4.5.2/../../../../arm-none-eabi/lib\libc.a(lib_a-memcpy.o)
 .debug_frame   0x00000710       0x30 c:/software/electronica/arm/eclipsearm/sourcery-g++-lite-arm-2011.03/bin/../lib/gcc/arm-none-eabi/4.5.2/../../../../arm-none-eabi/lib\libc.a(lib_a-mlock.o)
 .debug_frame   0x00000740      0x228 c:/software/electronica/arm/eclipsearm/sourcery-g++-lite-arm-2011.03/bin/../lib/gcc/arm-none-eabi/4.5.2/../../../../arm-none-eabi/lib\libc.a(lib_a-mprec.o)
 .debug_frame   0x00000968       0x28 c:/software/electronica/arm/eclipsearm/sourcery-g++-lite-arm-2011.03/bin/../lib/gcc/arm-none-eabi/4.5.2/../../../../arm-none-eabi/lib\libc.a(lib_a-s_fpclassify.o)
 .debug_frame   0x00000990       0x2c c:/software/electronica/arm/eclipsearm/sourcery-g++-lite-arm-2011.03/bin/../lib/gcc/arm-none-eabi/4.5.2/../../../../arm-none-eabi/lib\libc.a(lib_a-sbrkr.o)
 .debug_frame   0x000009bc       0x30 c:/software/electronica/arm/eclipsearm/sourcery-g++-lite-arm-2011.03/bin/../lib/gcc/arm-none-eabi/4.5.2/../../../../arm-none-eabi/lib\libc.a(lib_a-strcmp.o)
 .debug_frame   0x000009ec       0x20 c:/software/electronica/arm/eclipsearm/sourcery-g++-lite-arm-2011.03/bin/../lib/gcc/arm-none-eabi/4.5.2/../../../../arm-none-eabi/lib\libc.a(lib_a-strlen.o)
 .debug_frame   0x00000a0c       0x68 c:/software/electronica/arm/eclipsearm/sourcery-g++-lite-arm-2011.03/bin/../lib/gcc/arm-none-eabi/4.5.2/../../../../arm-none-eabi/lib\libc.a(lib_a-svfiprintf.o)
 .debug_frame   0x00000a74       0x28 c:/software/electronica/arm/eclipsearm/sourcery-g++-lite-arm-2011.03/bin/../lib/gcc/arm-none-eabi/4.5.2/../../../../arm-none-eabi/lib\libc.a(lib_a-callocr.o)
 .debug_frame   0x00000a9c       0x50 c:/software/electronica/arm/eclipsearm/sourcery-g++-lite-arm-2011.03/bin/../lib/gcc/arm-none-eabi/4.5.2/../../../../arm-none-eabi/lib\libc.a(lib_a-freer.o)
 .debug_frame   0x00000aec       0x2c c:/software/electronica/arm/eclipsearm/sourcery-g++-lite-arm-2011.03/bin/../lib/gcc/arm-none-eabi/4.5.2/../../../../arm-none-eabi/lib\libc.a(lib_a-memmove.o)
 .debug_frame   0x00000b18       0x28 c:/software/electronica/arm/eclipsearm/sourcery-g++-lite-arm-2011.03/bin/../lib/gcc/arm-none-eabi/4.5.2/../../../../arm-none-eabi/lib\libc.a(lib_a-memset.o)
 .debug_frame   0x00000b40       0x3c c:/software/electronica/arm/eclipsearm/sourcery-g++-lite-arm-2011.03/bin/../lib/gcc/arm-none-eabi/4.5.2/../../../../arm-none-eabi/lib\libc.a(lib_a-reallocr.o)
 .debug_frame   0x00000b7c       0x68 c:/software/electronica/arm/eclipsearm/sourcery-g++-lite-arm-2011.03/bin/../lib/gcc/arm-none-eabi/4.5.2/../../../../arm-none-eabi/lib\libc.a(lib_a-reent.o)
 .debug_frame   0x00000be4       0x20 c:/software/electronica/arm/eclipsearm/sourcery-g++-lite-arm-2011.03/bin/../lib/gcc/arm-none-eabi/4.5.2\libgcc.a(_udivsi3.o)
 .debug_frame   0x00000c04       0x20 c:/software/electronica/arm/eclipsearm/sourcery-g++-lite-arm-2011.03/bin/../lib/gcc/arm-none-eabi/4.5.2\libgcc.a(_divsi3.o)
 .debug_frame   0x00000c24       0x50 c:/software/electronica/arm/eclipsearm/sourcery-g++-lite-arm-2011.03/bin/../lib/gcc/arm-none-eabi/4.5.2\libgcc.a(bpabi.o)
 .debug_frame   0x00000c74       0x3c c:/software/electronica/arm/eclipsearm/sourcery-g++-lite-arm-2011.03/bin/../lib/gcc/arm-none-eabi/4.5.2\libgcc.a(_divdi3.o)
 .debug_frame   0x00000cb0       0x3c c:/software/electronica/arm/eclipsearm/sourcery-g++-lite-arm-2011.03/bin/../lib/gcc/arm-none-eabi/4.5.2\libgcc.a(_udivdi3.o)
 .debug_frame   0x00000cec       0x20 c:/software/electronica/arm/eclipsearm/sourcery-g++-lite-arm-2011.03/bin/../lib/gcc/arm-none-eabi/4.5.2/../../../../arm-none-eabi/lib\libnosys.a(sbrk.o)
START GROUP
LOAD c:/software/electronica/arm/eclipsearm/sourcery-g++-lite-arm-2011.03/bin/../lib/gcc/arm-none-eabi/4.5.2\libgcc.a
LOAD c:/software/electronica/arm/eclipsearm/sourcery-g++-lite-arm-2011.03/bin/../lib/gcc/arm-none-eabi/4.5.2/../../../../arm-none-eabi/lib\libg.a
LOAD c:/software/electronica/arm/eclipsearm/sourcery-g++-lite-arm-2011.03/bin/../lib/gcc/arm-none-eabi/4.5.2/../../../../arm-none-eabi/lib\libc.a
LOAD c:/software/electronica/arm/eclipsearm/sourcery-g++-lite-arm-2011.03/bin/../lib/gcc/arm-none-eabi/4.5.2/../../../../arm-none-eabi/lib\libm.a
LOAD c:/software/electronica/arm/eclipsearm/sourcery-g++-lite-arm-2011.03/bin/../lib/gcc/arm-none-eabi/4.5.2/../../../../arm-none-eabi/lib\libnosys.a
END GROUP
OUTPUT(b_uart1.elf elf32-littlearm)

.debug_aranges  0x00000000      0x120
 .debug_aranges
                0x00000000       0x20 ./commonUart/44binit.o
 .debug_aranges
                0x00000020       0x20 ./commonUart/44blib.o
 .debug_aranges
                0x00000040       0x20 ./8led.o
 .debug_aranges
                0x00000060       0x20 ./button.o
 .debug_aranges
                0x00000080       0x20 ./keyboard.o
 .debug_aranges
                0x000000a0       0x20 ./led.o
 .debug_aranges
                0x000000c0       0x20 ./main.o
 .debug_aranges
                0x000000e0       0x20 ./uart.o
 .debug_aranges
                0x00000100       0x20 c:/software/electronica/arm/eclipsearm/sourcery-g++-lite-arm-2011.03/bin/../lib/gcc/arm-none-eabi/4.5.2/../../../../arm-none-eabi/lib\libnosys.a(sbrk.o)

.debug_macinfo  0x00000000    0x29907
 .debug_macinfo
                0x00000000     0x82fb ./commonUart/44blib.o
 .debug_macinfo
                0x000082fb     0x5567 ./8led.o
 .debug_macinfo
                0x0000d862     0x5227 ./button.o
 .debug_macinfo
                0x00012a89     0x523c ./keyboard.o
 .debug_macinfo
                0x00017cc5     0x50a3 ./led.o
 .debug_macinfo
                0x0001cd68     0x50d3 ./main.o
 .debug_macinfo
                0x00021e3b     0x7acc ./uart.o

.debug_loc      0x00000000      0x625
 .debug_loc     0x00000000      0x108 ./commonUart/44blib.o
 .debug_loc     0x00000108       0x58 ./8led.o
 .debug_loc     0x00000160       0xdc ./button.o
 .debug_loc     0x0000023c       0xdc ./keyboard.o
 .debug_loc     0x00000318      0x160 ./led.o
 .debug_loc     0x00000478       0x58 ./main.o
 .debug_loc     0x000004d0      0x134 ./uart.o
 .debug_loc     0x00000604       0x21 c:/software/electronica/arm/eclipsearm/sourcery-g++-lite-arm-2011.03/bin/../lib/gcc/arm-none-eabi/4.5.2/../../../../arm-none-eabi/lib\libnosys.a(sbrk.o)

.debug_pubnames
                0x00000000      0x32e
 .debug_pubnames
                0x00000000       0x90 ./commonUart/44blib.o
 .debug_pubnames
                0x00000090       0x3d ./8led.o
 .debug_pubnames
                0x000000cd       0x78 ./button.o
 .debug_pubnames
                0x00000145       0x89 ./keyboard.o
 .debug_pubnames
                0x000001ce       0x8b ./led.o
 .debug_pubnames
                0x00000259       0x4f ./main.o
 .debug_pubnames
                0x000002a8       0x86 ./uart.o

.debug_pubtypes
                0x00000000       0x51
 .debug_pubtypes
                0x00000000       0x12 ./commonUart/44blib.o
 .debug_pubtypes
                0x00000012       0x3f ./uart.o

.debug_str      0x00000000      0x402
 .debug_str     0x00000000      0x126 ./commonUart/44blib.o
                                0x164 (size before relaxing)
 .debug_str     0x00000126       0x2f ./8led.o
                                 0x71 (size before relaxing)
 .debug_str     0x00000155       0x74 ./button.o
                                 0xbb (size before relaxing)
 .debug_str     0x000001c9       0x71 ./keyboard.o
                                 0xde (size before relaxing)
 .debug_str     0x0000023a       0x68 ./led.o
                                 0x9d (size before relaxing)
 .debug_str     0x000002a2       0x36 ./main.o
                                 0xe0 (size before relaxing)
 .debug_str     0x000002d8       0x8c ./uart.o
                                0x160 (size before relaxing)
 .debug_str     0x00000364       0x9e c:/software/electronica/arm/eclipsearm/sourcery-g++-lite-arm-2011.03/bin/../lib/gcc/arm-none-eabi/4.5.2/../../../../arm-none-eabi/lib\libnosys.a(sbrk.o)
                                 0xac (size before relaxing)
