   1              		.cpu arm7tdmi
   2              		.fpu softvfp
   3              		.eabi_attribute 20, 1
   4              		.eabi_attribute 21, 1
   5              		.eabi_attribute 23, 3
   6              		.eabi_attribute 24, 1
   7              		.eabi_attribute 25, 1
   8              		.eabi_attribute 26, 1
   9              		.eabi_attribute 30, 6
  10              		.eabi_attribute 18, 4
  11              		.file	"button.c"
  21              	.Ltext0:
  22              		.file 1 "../button.c"
 1951              		.align	2
 1952              		.global	Eint4567_init
 1954              	Eint4567_init:
 1955              	.LFB0:
   1:../button.c   **** #include "44blib.h"
   2:../button.c   **** #include "44b.h"
   3:../button.c   **** #include "def.h"
   4:../button.c   **** 
   5:../button.c   **** void Eint4567_ISR(void) __attribute__ ((interrupt ("IRQ")));
   6:../button.c   **** void Eint4567_init(void);
   7:../button.c   **** extern int button_no_pressed();
   8:../button.c   **** 
   9:../button.c   **** extern luz;
  10:../button.c   **** extern st;
  11:../button.c   **** 
  12:../button.c   **** 
  13:../button.c   **** void Eint4567_init(void) {
 1956              		.loc 1 13 0
 1957              		.cfi_startproc
 1958              		@ Function supports interworking.
 1959              		@ args = 0, pretend = 0, frame = 0
 1960              		@ frame_needed = 1, uses_anonymous_args = 0
 1961 0000 0DC0A0E1 		mov	ip, sp
 1962              	.LCFI0:
 1963              		.cfi_def_cfa_register 12
 1964 0004 00D82DE9 		stmfd	sp!, {fp, ip, lr, pc}
 1965 0008 04B04CE2 		sub	fp, ip, #4
 1966              		.cfi_offset 14, -8
 1967              		.cfi_offset 13, -12
 1968              		.cfi_offset 11, -16
 1969              	.LCFI1:
 1970              		.cfi_def_cfa 11, 4
  14:../button.c   **** 	/* Configuracion del controlador de interrupciones */
  15:../button.c   **** 		//Borrar interrupciones pendientes.
  16:../button.c   **** 		rI_ISPC = BIT_EINT4567;
 1971              		.loc 1 16 0
 1972 000c 74309FE5 		ldr	r3, .L2
 1973 0010 0226A0E3 		mov	r2, #2097152
 1974 0014 002083E5 		str	r2, [r3, #0]
  17:../button.c   **** 		rEXTINTPND = 0xf;
 1975              		.loc 1 17 0
 1976 0018 6C309FE5 		ldr	r3, .L2+4
 1977 001c 0F20A0E3 		mov	r2, #15
 1978 0020 002083E5 		str	r2, [r3, #0]
  18:../button.c   **** 
  19:../button.c   **** 		// Establecer la rutina de servicio para Eint4567
  20:../button.c   **** 	    pISR_EINT4567 = (unsigned)Eint4567_ISR;
 1979              		.loc 1 20 0
 1980 0024 64309FE5 		ldr	r3, .L2+8
 1981 0028 64209FE5 		ldr	r2, .L2+12
 1982 002c 002083E5 		str	r2, [r3, #0]
  21:../button.c   **** 
  22:../button.c   **** 	/* Configuracion del puerto G */
  23:../button.c   **** 		// Establece la funcion de los pines (EINT7-EINT0)
  24:../button.c   **** 		rPCONG = rPCONG | (0xF000);
 1983              		.loc 1 24 0
 1984 0030 60309FE5 		ldr	r3, .L2+16
 1985 0034 5C209FE5 		ldr	r2, .L2+16
 1986 0038 002092E5 		ldr	r2, [r2, #0]
 1987 003c 0F2A82E3 		orr	r2, r2, #61440
 1988 0040 002083E5 		str	r2, [r3, #0]
  25:../button.c   **** 
  26:../button.c   **** 		//Habilita las resistencias de pull-up
  27:../button.c   **** 		rPUPG = 0x0;
 1989              		.loc 1 27 0
 1990 0044 50309FE5 		ldr	r3, .L2+20
 1991 0048 0020A0E3 		mov	r2, #0
 1992 004c 002083E5 		str	r2, [r3, #0]
  28:../button.c   **** 
  29:../button.c   **** 		// Configura las lineas de int. como de flanco de bajada mediante EXTINT
  30:../button.c   **** 		rEXTINT = rEXTINT | 0x33000000;
 1993              		.loc 1 30 0
 1994 0050 48309FE5 		ldr	r3, .L2+24
 1995 0054 44209FE5 		ldr	r2, .L2+24
 1996 0058 002092E5 		ldr	r2, [r2, #0]
 1997 005c 332482E3 		orr	r2, r2, #855638016
 1998 0060 002083E5 		str	r2, [r3, #0]
  31:../button.c   **** 
  32:../button.c   **** 	/* Por precaucion, se vuelven a borrar los bits de INTPND y EXTINTPND */
  33:../button.c   **** 	    rEXTINTPND = 0xf;
 1999              		.loc 1 33 0
 2000 0064 20309FE5 		ldr	r3, .L2+4
 2001 0068 0F20A0E3 		mov	r2, #15
 2002 006c 002083E5 		str	r2, [r3, #0]
  34:../button.c   **** 	    rI_ISPC = BIT_EINT4567;
 2003              		.loc 1 34 0
 2004 0070 10309FE5 		ldr	r3, .L2
 2005 0074 0226A0E3 		mov	r2, #2097152
 2006 0078 002083E5 		str	r2, [r3, #0]
  35:../button.c   **** }
 2007              		.loc 1 35 0
 2008 007c 0CD04BE2 		sub	sp, fp, #12
 2009 0080 00689DE8 		ldmfd	sp, {fp, sp, lr}
 2010 0084 1EFF2FE1 		bx	lr
 2011              	.L3:
 2012              		.align	2
 2013              	.L2:
 2014 0088 2400E001 		.word	31457316
 2015 008c 5400D201 		.word	30539860
 2016 0090 74FF7F0C 		.word	209715060
 2017 0094 00000000 		.word	Eint4567_ISR
 2018 0098 4000D201 		.word	30539840
 2019 009c 4800D201 		.word	30539848
 2020 00a0 5000D201 		.word	30539856
 2021              		.cfi_endproc
 2022              	.LFE0:
 2024              		.align	2
 2025              		.global	Eint4567_ISR
 2027              	Eint4567_ISR:
 2028              	.LFB1:
  36:../button.c   **** 
  37:../button.c   **** 
  38:../button.c   **** void Eint4567_ISR(void)
  39:../button.c   **** {
 2029              		.loc 1 39 0
 2030              		.cfi_startproc
 2031              		@ Interrupt Service Routine.
 2032              		@ args = 0, pretend = 0, frame = 8
 2033              		@ frame_needed = 1, uses_anonymous_args = 0
 2034 00a4 04C02DE5 		str	ip, [sp, #-4]!
 2035 00a8 0DC0A0E1 		mov	ip, sp
 2036              	.LCFI2:
 2037              		.cfi_def_cfa_register 12
 2038 00ac 0FD82DE9 		stmfd	sp!, {r0, r1, r2, r3, fp, ip, lr, pc}
 2039 00b0 04B04CE2 		sub	fp, ip, #4
 2040              		.cfi_offset 14, -8
 2041              		.cfi_offset 13, -12
 2042              		.cfi_offset 11, -16
 2043              		.cfi_offset 3, -20
 2044              		.cfi_offset 2, -24
 2045              		.cfi_offset 1, -28
 2046              		.cfi_offset 0, -32
 2047              	.LCFI3:
 2048              		.cfi_def_cfa 11, 4
 2049 00b4 08D04DE2 		sub	sp, sp, #8
  40:../button.c   **** 	while(button_no_pressed() != 0);
 2050              		.loc 1 40 0
 2051 00b8 0000A0E1 		mov	r0, r0	@ nop
 2052              	.L5:
 2053              		.loc 1 40 0 is_stmt 0 discriminator 1
 2054 00bc FEFFFFEB 		bl	button_no_pressed
 2055 00c0 0030A0E1 		mov	r3, r0
 2056 00c4 000053E3 		cmp	r3, #0
 2057 00c8 FBFFFF1A 		bne	.L5
  41:../button.c   **** 
  42:../button.c   **** 	int pulsado = rEXTINTPND & 0xC;
 2058              		.loc 1 42 0 is_stmt 1
 2059 00cc 84309FE5 		ldr	r3, .L8
 2060 00d0 003093E5 		ldr	r3, [r3, #0]
 2061 00d4 0C3003E2 		and	r3, r3, #12
 2062 00d8 20300BE5 		str	r3, [fp, #-32]
  43:../button.c   **** 
  44:../button.c   **** 	char c;
  45:../button.c   **** 	if(pulsado == 4){  //izq -> char I
 2063              		.loc 1 45 0
 2064 00dc 20301BE5 		ldr	r3, [fp, #-32]
 2065 00e0 040053E3 		cmp	r3, #4
 2066 00e4 0600001A 		bne	.L6
 2067              	.LBB2:
  46:../button.c   **** 		Uart_SendByte0('I');
 2068              		.loc 1 46 0
 2069 00e8 4900A0E3 		mov	r0, #73
 2070 00ec FEFFFFEB 		bl	Uart_SendByte0
  47:../button.c   **** 		Uart_SendByte1('I');
 2071              		.loc 1 47 0
 2072 00f0 4900A0E3 		mov	r0, #73
 2073 00f4 FEFFFFEB 		bl	Uart_SendByte1
  48:../button.c   **** 
  49:../button.c   **** 		D8Led_symbol(1);
 2074              		.loc 1 49 0
 2075 00f8 0100A0E3 		mov	r0, #1
 2076 00fc FEFFFFEB 		bl	D8Led_symbol
 2077 0100 080000EA 		b	.L7
 2078              	.L6:
 2079              	.LBE2:
  50:../button.c   **** 	} else if(pulsado == 8) { //dcha -> char D
 2080              		.loc 1 50 0
 2081 0104 20301BE5 		ldr	r3, [fp, #-32]
 2082 0108 080053E3 		cmp	r3, #8
 2083 010c 0500001A 		bne	.L7
 2084              	.LBB3:
  51:../button.c   **** 		Uart_SendByte0('D');
 2085              		.loc 1 51 0
 2086 0110 4400A0E3 		mov	r0, #68
 2087 0114 FEFFFFEB 		bl	Uart_SendByte0
  52:../button.c   **** 		Uart_SendByte1('D');
 2088              		.loc 1 52 0
 2089 0118 4400A0E3 		mov	r0, #68
 2090 011c FEFFFFEB 		bl	Uart_SendByte1
  53:../button.c   **** 		D8Led_symbol(2);
 2091              		.loc 1 53 0
 2092 0120 0200A0E3 		mov	r0, #2
 2093 0124 FEFFFFEB 		bl	D8Led_symbol
 2094              	.L7:
 2095              	.LBE3:
  54:../button.c   **** 	}
  55:../button.c   **** 
  56:../button.c   **** 	//Delay para eliminar rebotes
  57:../button.c   **** 	DelayMs(100);
 2096              		.loc 1 57 0
 2097 0128 6400A0E3 		mov	r0, #100
 2098 012c FEFFFFEB 		bl	DelayMs
  58:../button.c   **** 
  59:../button.c   **** 	/*Atendemos interrupciones*/
  60:../button.c   **** 	//Borramos EXTINTPND ambas líneas EINT7 y EINT6
  61:../button.c   **** 	rEXTINTPND = 0xf; //((1<<2) | (1<<3));
 2099              		.loc 1 61 0
 2100 0130 20309FE5 		ldr	r3, .L8
 2101 0134 0F20A0E3 		mov	r2, #15
 2102 0138 002083E5 		str	r2, [r3, #0]
  62:../button.c   **** 
  63:../button.c   **** 	//Borramos INTPND usando ISPC
  64:../button.c   **** 	rI_ISPC = BIT_EINT4567;
 2103              		.loc 1 64 0
 2104 013c 18309FE5 		ldr	r3, .L8+4
 2105 0140 0226A0E3 		mov	r2, #2097152
 2106 0144 002083E5 		str	r2, [r3, #0]
  65:../button.c   **** }
 2107              		.loc 1 65 0
 2108 0148 1CD04BE2 		sub	sp, fp, #28
 2109 014c 0F689DE8 		ldmfd	sp, {r0, r1, r2, r3, fp, sp, lr}
 2110 0150 04C09DE4 		ldmfd	sp!, {ip}
 2111 0154 04F05EE2 		subs	pc, lr, #4
 2112              	.L9:
 2113              		.align	2
 2114              	.L8:
 2115 0158 5400D201 		.word	30539860
 2116 015c 2400E001 		.word	31457316
 2117              		.cfi_endproc
 2118              	.LFE1:
 2120              		.align	2
 2121              		.global	Eint4567_activar
 2123              	Eint4567_activar:
 2124              	.LFB2:
  66:../button.c   **** 
  67:../button.c   **** 
  68:../button.c   **** void Eint4567_activar(void){
 2125              		.loc 1 68 0
 2126              		.cfi_startproc
 2127              		@ Function supports interworking.
 2128              		@ args = 0, pretend = 0, frame = 0
 2129              		@ frame_needed = 1, uses_anonymous_args = 0
 2130 0160 0DC0A0E1 		mov	ip, sp
 2131              	.LCFI4:
 2132              		.cfi_def_cfa_register 12
 2133 0164 00D82DE9 		stmfd	sp!, {fp, ip, lr, pc}
 2134 0168 04B04CE2 		sub	fp, ip, #4
 2135              		.cfi_offset 14, -8
 2136              		.cfi_offset 13, -12
 2137              		.cfi_offset 11, -16
 2138              	.LCFI5:
 2139              		.cfi_def_cfa 11, 4
  69:../button.c   **** 	//borrar interrupciones pendientes
  70:../button.c   **** 	rEXTINTPND = 0xf;
 2140              		.loc 1 70 0
 2141 016c 48309FE5 		ldr	r3, .L11
 2142 0170 0F20A0E3 		mov	r2, #15
 2143 0174 002083E5 		str	r2, [r3, #0]
  71:../button.c   **** 	rI_ISPC = BIT_EINT4567;
 2144              		.loc 1 71 0
 2145 0178 40309FE5 		ldr	r3, .L11+4
 2146 017c 0226A0E3 		mov	r2, #2097152
 2147 0180 002083E5 		str	r2, [r3, #0]
  72:../button.c   **** 
  73:../button.c   **** 	//enmascarar la linea de interrupcion
  74:../button.c   **** 	rINTMSK = rINTMSK & ~( BIT_EINT4567 );
 2148              		.loc 1 74 0
 2149 0184 38309FE5 		ldr	r3, .L11+8
 2150 0188 34209FE5 		ldr	r2, .L11+8
 2151 018c 002092E5 		ldr	r2, [r2, #0]
 2152 0190 0226C2E3 		bic	r2, r2, #2097152
 2153 0194 002083E5 		str	r2, [r3, #0]
  75:../button.c   **** 
  76:../button.c   **** 	//borrar interrupciones pendientes
  77:../button.c   **** 	rEXTINTPND = 0xf;
 2154              		.loc 1 77 0
 2155 0198 1C309FE5 		ldr	r3, .L11
 2156 019c 0F20A0E3 		mov	r2, #15
 2157 01a0 002083E5 		str	r2, [r3, #0]
  78:../button.c   **** 	rI_ISPC = BIT_EINT4567;
 2158              		.loc 1 78 0
 2159 01a4 14309FE5 		ldr	r3, .L11+4
 2160 01a8 0226A0E3 		mov	r2, #2097152
 2161 01ac 002083E5 		str	r2, [r3, #0]
  79:../button.c   **** }
 2162              		.loc 1 79 0
 2163 01b0 0CD04BE2 		sub	sp, fp, #12
 2164 01b4 00689DE8 		ldmfd	sp, {fp, sp, lr}
 2165 01b8 1EFF2FE1 		bx	lr
 2166              	.L12:
 2167              		.align	2
 2168              	.L11:
 2169 01bc 5400D201 		.word	30539860
 2170 01c0 2400E001 		.word	31457316
 2171 01c4 0C00E001 		.word	31457292
 2172              		.cfi_endproc
 2173              	.LFE2:
 2175              		.align	2
 2176              		.global	Eint4567_desactivar
 2178              	Eint4567_desactivar:
 2179              	.LFB3:
  80:../button.c   **** 
  81:../button.c   **** 
  82:../button.c   **** void Eint4567_desactivar(void){
 2180              		.loc 1 82 0
 2181              		.cfi_startproc
 2182              		@ Function supports interworking.
 2183              		@ args = 0, pretend = 0, frame = 0
 2184              		@ frame_needed = 1, uses_anonymous_args = 0
 2185 01c8 0DC0A0E1 		mov	ip, sp
 2186              	.LCFI6:
 2187              		.cfi_def_cfa_register 12
 2188 01cc 00D82DE9 		stmfd	sp!, {fp, ip, lr, pc}
 2189 01d0 04B04CE2 		sub	fp, ip, #4
 2190              		.cfi_offset 14, -8
 2191              		.cfi_offset 13, -12
 2192              		.cfi_offset 11, -16
 2193              	.LCFI7:
 2194              		.cfi_def_cfa 11, 4
  83:../button.c   **** 	//desenmarcarar la linea de interrupcion
  84:../button.c   **** 	rINTMSK = rINTMSK | BIT_EINT4567;
 2195              		.loc 1 84 0
 2196 01d4 30309FE5 		ldr	r3, .L14
 2197 01d8 2C209FE5 		ldr	r2, .L14
 2198 01dc 002092E5 		ldr	r2, [r2, #0]
 2199 01e0 022682E3 		orr	r2, r2, #2097152
 2200 01e4 002083E5 		str	r2, [r3, #0]
  85:../button.c   **** 
  86:../button.c   **** 	//borrar interrupciones pendientes
  87:../button.c   **** 	rEXTINTPND = 0xf;
 2201              		.loc 1 87 0
 2202 01e8 20309FE5 		ldr	r3, .L14+4
 2203 01ec 0F20A0E3 		mov	r2, #15
 2204 01f0 002083E5 		str	r2, [r3, #0]
  88:../button.c   **** 	rI_ISPC = BIT_EINT4567;
 2205              		.loc 1 88 0
 2206 01f4 18309FE5 		ldr	r3, .L14+8
 2207 01f8 0226A0E3 		mov	r2, #2097152
 2208 01fc 002083E5 		str	r2, [r3, #0]
  89:../button.c   **** }
 2209              		.loc 1 89 0
 2210 0200 0CD04BE2 		sub	sp, fp, #12
 2211 0204 00689DE8 		ldmfd	sp, {fp, sp, lr}
 2212 0208 1EFF2FE1 		bx	lr
 2213              	.L15:
 2214              		.align	2
 2215              	.L14:
 2216 020c 0C00E001 		.word	31457292
 2217 0210 5400D201 		.word	30539860
 2218 0214 2400E001 		.word	31457316
 2219              		.cfi_endproc
 2220              	.LFE3:
 2222              		.align	2
 2223              		.global	button_no_pressed
 2225              	button_no_pressed:
 2226              	.LFB4:
  90:../button.c   **** 
  91:../button.c   **** 
  92:../button.c   **** int button_no_pressed(){
 2227              		.loc 1 92 0
 2228              		.cfi_startproc
 2229              		@ Function supports interworking.
 2230              		@ args = 0, pretend = 0, frame = 8
 2231              		@ frame_needed = 1, uses_anonymous_args = 0
 2232 0218 0DC0A0E1 		mov	ip, sp
 2233              	.LCFI8:
 2234              		.cfi_def_cfa_register 12
 2235 021c 00D82DE9 		stmfd	sp!, {fp, ip, lr, pc}
 2236 0220 04B04CE2 		sub	fp, ip, #4
 2237              		.cfi_offset 14, -8
 2238              		.cfi_offset 13, -12
 2239              		.cfi_offset 11, -16
 2240              	.LCFI9:
 2241              		.cfi_def_cfa 11, 4
 2242 0224 08D04DE2 		sub	sp, sp, #8
  93:../button.c   **** 	UINT r = ~ ( rPDATG | ~ 0xC0 );
 2243              		.loc 1 93 0
 2244 0228 30309FE5 		ldr	r3, .L17
 2245 022c 003093E5 		ldr	r3, [r3, #0]
 2246 0230 0330E0E1 		mvn	r3, r3
 2247 0234 C03003E2 		and	r3, r3, #192
 2248 0238 0330E0E1 		mvn	r3, r3
 2249 023c 0330E0E1 		mvn	r3, r3
 2250 0240 10300BE5 		str	r3, [fp, #-16]
  94:../button.c   **** 	DelayMs(100);
 2251              		.loc 1 94 0
 2252 0244 6400A0E3 		mov	r0, #100
 2253 0248 FEFFFFEB 		bl	DelayMs
  95:../button.c   **** 	return r;
 2254              		.loc 1 95 0
 2255 024c 10301BE5 		ldr	r3, [fp, #-16]
  96:../button.c   **** }
 2256              		.loc 1 96 0
 2257 0250 0300A0E1 		mov	r0, r3
 2258 0254 0CD04BE2 		sub	sp, fp, #12
 2259 0258 00689DE8 		ldmfd	sp, {fp, sp, lr}
 2260 025c 1EFF2FE1 		bx	lr
 2261              	.L18:
 2262              		.align	2
 2263              	.L17:
 2264 0260 4400D201 		.word	30539844
 2265              		.cfi_endproc
 2266              	.LFE4:
 2268              	.Letext0:
DEFINED SYMBOLS
                            *ABS*:00000000 button.c
C:\Users\USUARI~1\AppData\Local\Temp\ccxhyzLB.s:1951   .text:00000000 $a
C:\Users\USUARI~1\AppData\Local\Temp\ccxhyzLB.s:1954   .text:00000000 Eint4567_init
C:\Users\USUARI~1\AppData\Local\Temp\ccxhyzLB.s:2014   .text:00000088 $d
C:\Users\USUARI~1\AppData\Local\Temp\ccxhyzLB.s:2027   .text:000000a4 Eint4567_ISR
C:\Users\USUARI~1\AppData\Local\Temp\ccxhyzLB.s:2024   .text:000000a4 $a
C:\Users\USUARI~1\AppData\Local\Temp\ccxhyzLB.s:2225   .text:00000218 button_no_pressed
C:\Users\USUARI~1\AppData\Local\Temp\ccxhyzLB.s:2115   .text:00000158 $d
C:\Users\USUARI~1\AppData\Local\Temp\ccxhyzLB.s:2120   .text:00000160 $a
C:\Users\USUARI~1\AppData\Local\Temp\ccxhyzLB.s:2123   .text:00000160 Eint4567_activar
C:\Users\USUARI~1\AppData\Local\Temp\ccxhyzLB.s:2169   .text:000001bc $d
C:\Users\USUARI~1\AppData\Local\Temp\ccxhyzLB.s:2175   .text:000001c8 $a
C:\Users\USUARI~1\AppData\Local\Temp\ccxhyzLB.s:2178   .text:000001c8 Eint4567_desactivar
C:\Users\USUARI~1\AppData\Local\Temp\ccxhyzLB.s:2216   .text:0000020c $d
C:\Users\USUARI~1\AppData\Local\Temp\ccxhyzLB.s:2222   .text:00000218 $a
C:\Users\USUARI~1\AppData\Local\Temp\ccxhyzLB.s:2264   .text:00000260 $d
                     .debug_frame:00000010 $d

UNDEFINED SYMBOLS
Uart_SendByte0
Uart_SendByte1
D8Led_symbol
DelayMs
