Archive member included because of file (symbol)

c:/software/electronica/arm/eclipsearm/sourcery-g++-lite-arm-2011.03/bin/../lib/gcc/arm-none-eabi/4.5.2\libgcc.a(_divsi3.o)
                              ./commonEclipse/44blib.o (__aeabi_idiv)
c:/software/electronica/arm/eclipsearm/sourcery-g++-lite-arm-2011.03/bin/../lib/gcc/arm-none-eabi/4.5.2\libgcc.a(_dvmd_tls.o)
                              c:/software/electronica/arm/eclipsearm/sourcery-g++-lite-arm-2011.03/bin/../lib/gcc/arm-none-eabi/4.5.2\libgcc.a(_divsi3.o) (__aeabi_idiv0)

Allocating common symbols
Common symbol       size              file

led_state           0x4               ./src/led.o
fileSize            0x4               ./commonEclipse/44blib.o
downPt              0x4               ./commonEclipse/44blib.o

Memory Configuration

Name             Origin             Length             Attributes
*default*        0x00000000         0xffffffff

Linker script and memory map

LOAD ./src/init.o
LOAD ./src/led.o
LOAD ./src/main.o
LOAD ./commonEclipse/44binit.o
LOAD ./commonEclipse/44blib.o
START GROUP
LOAD c:/software/electronica/arm/eclipsearm/sourcery-g++-lite-arm-2011.03/bin/../lib/gcc/arm-none-eabi/4.5.2\libgcc.a
LOAD c:/software/electronica/arm/eclipsearm/sourcery-g++-lite-arm-2011.03/bin/../lib/gcc/arm-none-eabi/4.5.2/../../../../arm-none-eabi/lib\libc.a
END GROUP
                0x0c000000                . = 0xc000000
                0x0c000000                Image_RO_Base = .

.text           0x0c000000      0xfdc
 *(.text)
 .text          0x0c000000       0x1c ./src/init.o
                0x0c000000                start
 .text          0x0c00001c      0x230 ./src/led.o
                0x0c00001c                leds_on
                0x0c00003c                leds_off
                0x0c00005c                led1_on
                0x0c00009c                led1_off
                0x0c0000dc                led2_on
                0x0c00011c                led2_off
                0x0c00015c                leds_switch
                0x0c00019c                Led_Display
 .text          0x0c00024c       0xdc ./src/main.o
                0x0c00024c                Main
                0x0c00029c                button_init
                0x0c0002dc                button_no_pressed
 .text          0x0c000328      0x70c ./commonEclipse/44binit.o
 .text          0x0c000a34      0x45c ./commonEclipse/44blib.o
                0x0c000a34                Delay
                0x0c000b6c                DelayMs
                0x0c000bd0                Port_Init
                0x0c000d60                malloc
                0x0c000e00                free
                0x0c000e30                sys_init
 .text          0x0c000e90      0x148 c:/software/electronica/arm/eclipsearm/sourcery-g++-lite-arm-2011.03/bin/../lib/gcc/arm-none-eabi/4.5.2\libgcc.a(_divsi3.o)
                0x0c000e90                __divsi3
                0x0c000e90                __aeabi_idiv
                0x0c000fb8                __aeabi_idivmod
 .text          0x0c000fd8        0x4 c:/software/electronica/arm/eclipsearm/sourcery-g++-lite-arm-2011.03/bin/../lib/gcc/arm-none-eabi/4.5.2\libgcc.a(_dvmd_tls.o)
                0x0c000fd8                __aeabi_idiv0
                0x0c000fd8                __aeabi_ldiv0
                0x0c000fdc                Image_RO_Limit = .
                0x0c000fdc                Image_RW_Base = .

.glue_7         0x0c000fdc        0x0
 .glue_7        0x00000000        0x0 linker stubs

.glue_7t        0x0c000fdc        0x0
 .glue_7t       0x00000000        0x0 linker stubs

.vfp11_veneer   0x0c000fdc        0x0
 .vfp11_veneer  0x00000000        0x0 linker stubs

.v4_bx          0x0c000fdc        0x0
 .v4_bx         0x00000000        0x0 linker stubs

.data           0x0c000fdc       0x14
 *(.data)
 .data          0x0c000fdc        0x0 ./src/init.o
 .data          0x0c000fdc        0x0 ./src/led.o
 .data          0x0c000fdc        0x0 ./src/main.o
 .data          0x0c000fdc        0x6 ./commonEclipse/44binit.o
                0x0c000fdc                BDRAMTYPE
 *fill*         0x0c000fe2        0x2 00
 .data          0x0c000fe4        0xc ./commonEclipse/44blib.o
                0x0c000fe4                mallocPt
                0x0c000fe8                run
 .data          0x0c000ff0        0x0 c:/software/electronica/arm/eclipsearm/sourcery-g++-lite-arm-2011.03/bin/../lib/gcc/arm-none-eabi/4.5.2\libgcc.a(_divsi3.o)
 .data          0x0c000ff0        0x0 c:/software/electronica/arm/eclipsearm/sourcery-g++-lite-arm-2011.03/bin/../lib/gcc/arm-none-eabi/4.5.2\libgcc.a(_dvmd_tls.o)

.rodata
 *(.rodata)
                0x0c000ff0                Image_RW_Limit = .
                0x0c000ff0                Image_ZI_Base = .

.bss            0x0c000ff0       0x10
 *(.bss)
 .bss           0x0c000ff0        0x0 ./src/init.o
 .bss           0x0c000ff0        0x0 ./src/led.o
 .bss           0x0c000ff0        0x0 ./src/main.o
 .bss           0x0c000ff0        0x0 ./commonEclipse/44binit.o
 .bss           0x0c000ff0        0x4 ./commonEclipse/44blib.o
                0x0c000ff0                restart
 .bss           0x0c000ff4        0x0 c:/software/electronica/arm/eclipsearm/sourcery-g++-lite-arm-2011.03/bin/../lib/gcc/arm-none-eabi/4.5.2\libgcc.a(_divsi3.o)
 .bss           0x0c000ff4        0x0 c:/software/electronica/arm/eclipsearm/sourcery-g++-lite-arm-2011.03/bin/../lib/gcc/arm-none-eabi/4.5.2\libgcc.a(_dvmd_tls.o)
 COMMON         0x0c000ff4        0x4 ./src/led.o
                0x0c000ff4                led_state
 COMMON         0x0c000ff8        0x8 ./commonEclipse/44blib.o
                0x0c000ff8                fileSize
                0x0c000ffc                downPt
                0x0c001000                Image_ZI_Limit = .
                0x0c001000                __bss_start__ = .
                0x0c001000                __bss_end__ = .
                0x0c001000                __EH_FRAME_BEGIN__ = .
                0x0c001000                __EH_FRAME_END__ = .
                0x0c001000                PROVIDE (__stack, .)
                0x0c001000                end = .
                0x0c001000                _end = .

.ARM.attributes
                0x00000000       0x2e
 .ARM.attributes
                0x00000000       0x22 ./src/init.o
 .ARM.attributes
                0x00000022       0x32 ./src/led.o
 .ARM.attributes
                0x00000054       0x32 ./src/main.o
 .ARM.attributes
                0x00000086       0x22 ./commonEclipse/44binit.o
 .ARM.attributes
                0x000000a8       0x32 ./commonEclipse/44blib.o
 .ARM.attributes
                0x000000da       0x1a c:/software/electronica/arm/eclipsearm/sourcery-g++-lite-arm-2011.03/bin/../lib/gcc/arm-none-eabi/4.5.2\libgcc.a(_divsi3.o)
 .ARM.attributes
                0x000000f4       0x18 c:/software/electronica/arm/eclipsearm/sourcery-g++-lite-arm-2011.03/bin/../lib/gcc/arm-none-eabi/4.5.2\libgcc.a(_dvmd_tls.o)

.comment        0x00000000       0x2a
 .comment       0x00000000       0x2a ./src/led.o
                                 0x2b (size before relaxing)
 .comment       0x00000000       0x2b ./src/main.o
 .comment       0x00000000       0x2b ./commonEclipse/44blib.o

.debug_info     0x00000000      0x4bb
 *(.debug_info)
 .debug_info    0x00000000       0x5e ./src/init.o
 .debug_info    0x0000005e      0x104 ./src/led.o
 .debug_info    0x00000162       0xc5 ./src/main.o
 .debug_info    0x00000227       0x6b ./commonEclipse/44binit.o
 .debug_info    0x00000292      0x229 ./commonEclipse/44blib.o

.debug_line     0x00000000      0x96c
 *(.debug_line)
 .debug_line    0x00000000       0x41 ./src/init.o
 .debug_line    0x00000041       0xac ./src/led.o
 .debug_line    0x000000ed      0x390 ./src/main.o
 .debug_line    0x0000047d      0x116 ./commonEclipse/44binit.o
 .debug_line    0x00000593      0x3d9 ./commonEclipse/44blib.o

.debug_abbrev   0x00000000      0x23b
 *(.debug_abbrev)
 .debug_abbrev  0x00000000       0x14 ./src/init.o
 .debug_abbrev  0x00000014       0x7c ./src/led.o
 .debug_abbrev  0x00000090       0x78 ./src/main.o
 .debug_abbrev  0x00000108       0x14 ./commonEclipse/44binit.o
 .debug_abbrev  0x0000011c      0x11f ./commonEclipse/44blib.o

.debug_frame    0x00000000      0x270
 *(.debug_frame)
 .debug_frame   0x00000000      0x110 ./src/led.o
 .debug_frame   0x00000110       0x70 ./src/main.o
 .debug_frame   0x00000180       0xd0 ./commonEclipse/44blib.o
 .debug_frame   0x00000250       0x20 c:/software/electronica/arm/eclipsearm/sourcery-g++-lite-arm-2011.03/bin/../lib/gcc/arm-none-eabi/4.5.2\libgcc.a(_divsi3.o)
OUTPUT(pr1.elf elf32-littlearm)

.debug_aranges  0x00000000       0xa0
 .debug_aranges
                0x00000000       0x20 ./src/init.o
 .debug_aranges
                0x00000020       0x20 ./src/led.o
 .debug_aranges
                0x00000040       0x20 ./src/main.o
 .debug_aranges
                0x00000060       0x20 ./commonEclipse/44binit.o
 .debug_aranges
                0x00000080       0x20 ./commonEclipse/44blib.o

.debug_macinfo  0x00000000    0x14ff8
 .debug_macinfo
                0x00000000     0x50a3 ./src/led.o
 .debug_macinfo
                0x000050a3     0x7c5a ./src/main.o
 .debug_macinfo
                0x0000ccfd     0x82fb ./commonEclipse/44blib.o

.debug_loc      0x00000000      0x2ec
 .debug_loc     0x00000000      0x160 ./src/led.o
 .debug_loc     0x00000160       0x84 ./src/main.o
 .debug_loc     0x000001e4      0x108 ./commonEclipse/44blib.o

.debug_pubnames
                0x00000000      0x15c
 .debug_pubnames
                0x00000000       0x8b ./src/led.o
 .debug_pubnames
                0x0000008b       0x41 ./src/main.o
 .debug_pubnames
                0x000000cc       0x90 ./commonEclipse/44blib.o

.debug_str      0x00000000      0x1c2
 .debug_str     0x00000000       0x9d ./src/led.o
 .debug_str     0x0000009d       0x81 ./src/main.o
                                 0xeb (size before relaxing)
 .debug_str     0x0000011e       0xa4 ./commonEclipse/44blib.o
                                0x163 (size before relaxing)

.debug_pubtypes
                0x00000000       0x24
 .debug_pubtypes
                0x00000000       0x12 ./src/main.o
 .debug_pubtypes
                0x00000012       0x12 ./commonEclipse/44blib.o
