Archive member included because of file (symbol)

c:/software/electronica/arm/eclipsearm/sourcery-g++-lite-arm-2011.03/bin/../lib/gcc/arm-none-eabi/4.5.2\libgcc.a(_divsi3.o)
                              ./commonEclipse/44blib.o (__aeabi_idiv)
c:/software/electronica/arm/eclipsearm/sourcery-g++-lite-arm-2011.03/bin/../lib/gcc/arm-none-eabi/4.5.2\libgcc.a(_dvmd_tls.o)
                              c:/software/electronica/arm/eclipsearm/sourcery-g++-lite-arm-2011.03/bin/../lib/gcc/arm-none-eabi/4.5.2\libgcc.a(_divsi3.o) (__aeabi_idiv0)

Allocating common symbols
Common symbol       size              file

led_state           0x4               ./led.o
fileSize            0x4               ./commonEclipse/44blib.o
key                 0x4               ./keyboard.o
downPt              0x4               ./commonEclipse/44blib.o

Memory Configuration

Name             Origin             Length             Attributes
*default*        0x00000000         0xffffffff

Linker script and memory map

LOAD ./commonEclipse/44binit.o
LOAD ./commonEclipse/44blib.o
LOAD ./8led.o
LOAD ./button.o
LOAD ./init.o
LOAD ./keyboard.o
LOAD ./led.o
LOAD ./main.o
LOAD ./timer.o
START GROUP
LOAD c:/software/electronica/arm/eclipsearm/sourcery-g++-lite-arm-2011.03/bin/../lib/gcc/arm-none-eabi/4.5.2\libgcc.a
LOAD c:/software/electronica/arm/eclipsearm/sourcery-g++-lite-arm-2011.03/bin/../lib/gcc/arm-none-eabi/4.5.2/../../../../arm-none-eabi/lib\libc.a
END GROUP
                0x0c000000                . = 0xc000000
                0x0c000000                Image_RO_Base = .

.text           0x0c000000     0x1ba4
 *(.text)
 .text          0x0c000000      0x70c ./commonEclipse/44binit.o
 .text          0x0c00070c      0x45c ./commonEclipse/44blib.o
                0x0c00070c                Delay
                0x0c000844                DelayMs
                0x0c0008a8                Port_Init
                0x0c000a38                malloc
                0x0c000ad8                free
                0x0c000b08                sys_init
 .text          0x0c000b68       0x7c ./8led.o
                0x0c000b68                D8Led_init
                0x0c000b8c                D8Led_symbol
 .text          0x0c000be4      0x208 ./button.o
                0x0c000be4                Eint4567_init
                0x0c000c88                Eint4567_ISR
                0x0c000ce8                Eint4567_activar
                0x0c000d50                Eint4567_desactivar
                0x0c000da0                button_no_pressed
 .text          0x0c000dec       0x1c ./init.o
                0x0c000dec                start
 .text          0x0c000e08      0x2a8 ./keyboard.o
                0x0c000e08                keyboard_init
                0x0c000e84                keyboard_activar
                0x0c000ed0                keyboard_desactivar
                0x0c000f10                KeyboardInt
                0x0c000f90                key_read
 .text          0x0c0010b0      0x230 ./led.o
                0x0c0010b0                leds_on
                0x0c0010d0                leds_off
                0x0c0010f0                led1_on
                0x0c001130                led1_off
                0x0c001170                led2_on
                0x0c0011b0                led2_off
                0x0c0011f0                leds_switch
                0x0c001230                Led_Display
 .text          0x0c0012e0       0xa8 ./main.o
                0x0c0012e0                Main
                0x0c001314                game_init
 .text          0x0c001388      0x6d0 ./timer.o
                0x0c001388                timer1_init
                0x0c00142c                timer1_activar
                0x0c0014cc                timer1_desactivar
                0x0c001524                timer1_ISR
                0x0c001558                timer23_init
                0x0c001630                timer2_activar
                0x0c0016d0                timer2_desactivar
                0x0c001728                timer3_activar
                0x0c0017c8                timer3_desactivar
                0x0c001820                timer2_ISR
                0x0c001854                timer3_ISR
                0x0c001888                timer4_init
                0x0c00192c                timer4_activar
                0x0c0019cc                timer4_desactivar
                0x0c001a24                timer4_ISR
 .text          0x0c001a58      0x148 c:/software/electronica/arm/eclipsearm/sourcery-g++-lite-arm-2011.03/bin/../lib/gcc/arm-none-eabi/4.5.2\libgcc.a(_divsi3.o)
                0x0c001a58                __divsi3
                0x0c001a58                __aeabi_idiv
                0x0c001b80                __aeabi_idivmod
 .text          0x0c001ba0        0x4 c:/software/electronica/arm/eclipsearm/sourcery-g++-lite-arm-2011.03/bin/../lib/gcc/arm-none-eabi/4.5.2\libgcc.a(_dvmd_tls.o)
                0x0c001ba0                __aeabi_idiv0
                0x0c001ba0                __aeabi_ldiv0
                0x0c001ba4                Image_RO_Limit = .
                0x0c001ba4                Image_RW_Base = .

.glue_7         0x0c001ba4        0x0
 .glue_7        0x00000000        0x0 linker stubs

.glue_7t        0x0c001ba4        0x0
 .glue_7t       0x00000000        0x0 linker stubs

.vfp11_veneer   0x0c001ba4        0x0
 .vfp11_veneer  0x00000000        0x0 linker stubs

.v4_bx          0x0c001ba4        0x0
 .v4_bx         0x00000000        0x0 linker stubs

.data           0x0c001ba4       0x58
 *(.data)
 .data          0x0c001ba4        0x6 ./commonEclipse/44binit.o
                0x0c001ba4                BDRAMTYPE
 *fill*         0x0c001baa        0x2 00
 .data          0x0c001bac        0xc ./commonEclipse/44blib.o
                0x0c001bac                mallocPt
                0x0c001bb0                run
 .data          0x0c001bb8       0x40 ./8led.o
                0x0c001bb8                Symbol
 .data          0x0c001bf8        0x0 ./button.o
 .data          0x0c001bf8        0x0 ./init.o
 .data          0x0c001bf8        0x4 ./keyboard.o
                0x0c001bf8                keyboard_base
 .data          0x0c001bfc        0x0 ./led.o
 .data          0x0c001bfc        0x0 ./main.o
 .data          0x0c001bfc        0x0 ./timer.o
 .data          0x0c001bfc        0x0 c:/software/electronica/arm/eclipsearm/sourcery-g++-lite-arm-2011.03/bin/../lib/gcc/arm-none-eabi/4.5.2\libgcc.a(_divsi3.o)
 .data          0x0c001bfc        0x0 c:/software/electronica/arm/eclipsearm/sourcery-g++-lite-arm-2011.03/bin/../lib/gcc/arm-none-eabi/4.5.2\libgcc.a(_dvmd_tls.o)

.rodata         0x0c001bfc       0x10
 *(.rodata)
 .rodata        0x0c001bfc       0x10 ./keyboard.o
                0x0c001c0c                Image_RW_Limit = .
                0x0c001c0c                Image_ZI_Base = .

.bss            0x0c001c0c       0x14
 *(.bss)
 .bss           0x0c001c0c        0x0 ./commonEclipse/44binit.o
 .bss           0x0c001c0c        0x4 ./commonEclipse/44blib.o
                0x0c001c0c                restart
 .bss           0x0c001c10        0x0 ./8led.o
 .bss           0x0c001c10        0x0 ./button.o
 .bss           0x0c001c10        0x0 ./init.o
 .bss           0x0c001c10        0x0 ./keyboard.o
 .bss           0x0c001c10        0x0 ./led.o
 .bss           0x0c001c10        0x0 ./main.o
 .bss           0x0c001c10        0x0 ./timer.o
 .bss           0x0c001c10        0x0 c:/software/electronica/arm/eclipsearm/sourcery-g++-lite-arm-2011.03/bin/../lib/gcc/arm-none-eabi/4.5.2\libgcc.a(_divsi3.o)
 .bss           0x0c001c10        0x0 c:/software/electronica/arm/eclipsearm/sourcery-g++-lite-arm-2011.03/bin/../lib/gcc/arm-none-eabi/4.5.2\libgcc.a(_dvmd_tls.o)
 COMMON         0x0c001c10        0x8 ./commonEclipse/44blib.o
                0x0c001c10                fileSize
                0x0c001c14                downPt
 COMMON         0x0c001c18        0x4 ./keyboard.o
                0x0c001c18                key
 COMMON         0x0c001c1c        0x4 ./led.o
                0x0c001c1c                led_state
                0x0c001c20                Image_ZI_Limit = .
                0x0c001c20                __bss_start__ = .
                0x0c001c20                __bss_end__ = .
                0x0c001c20                __EH_FRAME_BEGIN__ = .
                0x0c001c20                __EH_FRAME_END__ = .
                0x0c001c20                PROVIDE (__stack, .)
                0x0c001c20                end = .
                0x0c001c20                _end = .

.ARM.attributes
                0x00000000       0x2e
 .ARM.attributes
                0x00000000       0x22 ./commonEclipse/44binit.o
 .ARM.attributes
                0x00000022       0x32 ./commonEclipse/44blib.o
 .ARM.attributes
                0x00000054       0x32 ./8led.o
 .ARM.attributes
                0x00000086       0x32 ./button.o
 .ARM.attributes
                0x000000b8       0x22 ./init.o
 .ARM.attributes
                0x000000da       0x32 ./keyboard.o
 .ARM.attributes
                0x0000010c       0x32 ./led.o
 .ARM.attributes
                0x0000013e       0x32 ./main.o
 .ARM.attributes
                0x00000170       0x32 ./timer.o
 .ARM.attributes
                0x000001a2       0x1a c:/software/electronica/arm/eclipsearm/sourcery-g++-lite-arm-2011.03/bin/../lib/gcc/arm-none-eabi/4.5.2\libgcc.a(_divsi3.o)
 .ARM.attributes
                0x000001bc       0x18 c:/software/electronica/arm/eclipsearm/sourcery-g++-lite-arm-2011.03/bin/../lib/gcc/arm-none-eabi/4.5.2\libgcc.a(_dvmd_tls.o)

.comment        0x00000000       0x2a
 .comment       0x00000000       0x2a ./commonEclipse/44blib.o
                                 0x2b (size before relaxing)
 .comment       0x00000000       0x2b ./8led.o
 .comment       0x00000000       0x2b ./button.o
 .comment       0x00000000       0x2b ./keyboard.o
 .comment       0x00000000       0x2b ./led.o
 .comment       0x00000000       0x2b ./main.o
 .comment       0x00000000       0x2b ./timer.o

.debug_info     0x00000000      0x9d4
 *(.debug_info)
 .debug_info    0x00000000       0x75 ./commonEclipse/44binit.o
 .debug_info    0x00000075      0x229 ./commonEclipse/44blib.o
 .debug_info    0x0000029e       0xa4 ./8led.o
 .debug_info    0x00000342       0xc9 ./button.o
 .debug_info    0x0000040b       0x64 ./init.o
 .debug_info    0x0000046f      0x15f ./keyboard.o
 .debug_info    0x000005ce      0x104 ./led.o
 .debug_info    0x000006d2      0x14a ./main.o
 .debug_info    0x0000081c      0x1b8 ./timer.o

.debug_line     0x00000000      0xc94
 *(.debug_line)
 .debug_line    0x00000000      0x116 ./commonEclipse/44binit.o
 .debug_line    0x00000116      0x3d9 ./commonEclipse/44blib.o
 .debug_line    0x000004ef       0x98 ./8led.o
 .debug_line    0x00000587       0xc5 ./button.o
 .debug_line    0x0000064c       0x3d ./init.o
 .debug_line    0x00000689       0xd8 ./keyboard.o
 .debug_line    0x00000761       0xb2 ./led.o
 .debug_line    0x00000813      0x387 ./main.o
 .debug_line    0x00000b9a       0xfa ./timer.o

.debug_abbrev   0x00000000      0x4e1
 *(.debug_abbrev)
 .debug_abbrev  0x00000000       0x14 ./commonEclipse/44binit.o
 .debug_abbrev  0x00000014      0x11f ./commonEclipse/44blib.o
 .debug_abbrev  0x00000133       0x9b ./8led.o
 .debug_abbrev  0x000001ce       0x94 ./button.o
 .debug_abbrev  0x00000262       0x14 ./init.o
 .debug_abbrev  0x00000276       0xf6 ./keyboard.o
 .debug_abbrev  0x0000036c       0x7c ./led.o
 .debug_abbrev  0x000003e8       0x81 ./main.o
 .debug_abbrev  0x00000469       0x78 ./timer.o

.debug_frame    0x00000000      0x638
 *(.debug_frame)
 .debug_frame   0x00000000       0xd0 ./commonEclipse/44blib.o
 .debug_frame   0x000000d0       0x50 ./8led.o
 .debug_frame   0x00000120       0xbc ./button.o
 .debug_frame   0x000001dc       0xbc ./keyboard.o
 .debug_frame   0x00000298      0x110 ./led.o
 .debug_frame   0x000003a8       0x50 ./main.o
 .debug_frame   0x000003f8      0x220 ./timer.o
 .debug_frame   0x00000618       0x20 c:/software/electronica/arm/eclipsearm/sourcery-g++-lite-arm-2011.03/bin/../lib/gcc/arm-none-eabi/4.5.2\libgcc.a(_divsi3.o)
OUTPUT(a_teclado8seg.elf elf32-littlearm)

.debug_aranges  0x00000000      0x120
 .debug_aranges
                0x00000000       0x20 ./commonEclipse/44binit.o
 .debug_aranges
                0x00000020       0x20 ./commonEclipse/44blib.o
 .debug_aranges
                0x00000040       0x20 ./8led.o
 .debug_aranges
                0x00000060       0x20 ./button.o
 .debug_aranges
                0x00000080       0x20 ./init.o
 .debug_aranges
                0x000000a0       0x20 ./keyboard.o
 .debug_aranges
                0x000000c0       0x20 ./led.o
 .debug_aranges
                0x000000e0       0x20 ./main.o
 .debug_aranges
                0x00000100       0x20 ./timer.o

.debug_macinfo  0x00000000    0x298e1
 .debug_macinfo
                0x00000000     0x82fb ./commonEclipse/44blib.o
 .debug_macinfo
                0x000082fb     0x5567 ./8led.o
 .debug_macinfo
                0x0000d862     0x5227 ./button.o
 .debug_macinfo
                0x00012a89     0x523c ./keyboard.o
 .debug_macinfo
                0x00017cc5     0x50a3 ./led.o
 .debug_macinfo
                0x0001cd68     0x7ad6 ./main.o
 .debug_macinfo
                0x0002483e     0x50a3 ./timer.o

.debug_loc      0x00000000      0x764
 .debug_loc     0x00000000      0x108 ./commonEclipse/44blib.o
 .debug_loc     0x00000108       0x58 ./8led.o
 .debug_loc     0x00000160       0xdc ./button.o
 .debug_loc     0x0000023c       0xdc ./keyboard.o
 .debug_loc     0x00000318      0x160 ./led.o
 .debug_loc     0x00000478       0x58 ./main.o
 .debug_loc     0x000004d0      0x294 ./timer.o

.debug_pubnames
                0x00000000      0x3a4
 .debug_pubnames
                0x00000000       0x90 ./commonEclipse/44blib.o
 .debug_pubnames
                0x00000090       0x3d ./8led.o
 .debug_pubnames
                0x000000cd       0x78 ./button.o
 .debug_pubnames
                0x00000145       0x88 ./keyboard.o
 .debug_pubnames
                0x000001cd       0x8b ./led.o
 .debug_pubnames
                0x00000258       0x29 ./main.o
 .debug_pubnames
                0x00000281      0x123 ./timer.o

.debug_pubtypes
                0x00000000       0x24
 .debug_pubtypes
                0x00000000       0x12 ./commonEclipse/44blib.o
 .debug_pubtypes
                0x00000012       0x12 ./main.o

.debug_str      0x00000000      0x38d
 .debug_str     0x00000000      0x12f ./commonEclipse/44blib.o
                                0x16d (size before relaxing)
 .debug_str     0x0000012f       0x2f ./8led.o
                                 0x77 (size before relaxing)
 .debug_str     0x0000015e       0x6a ./button.o
                                 0xb2 (size before relaxing)
 .debug_str     0x000001c8       0x70 ./keyboard.o
                                 0xdb (size before relaxing)
 .debug_str     0x00000238       0x5c ./led.o
                                 0xa3 (size before relaxing)
 .debug_str     0x00000294       0x6e ./main.o
                                0x159 (size before relaxing)
 .debug_str     0x00000302       0x8b ./timer.o
                                0x127 (size before relaxing)
